../Drivers/CMSIS/Include/core_cm4.h:2064:26:ITM_SendChar	16	static,ignoring_inline_asm
../Core/Src/main.c:84:5:write	32	static
../Core/Src/main.c:100:5:main	80	static
../Core/Src/main.c:187:6:SystemClock_Config	88	static
../Core/Src/main.c:234:13:MX_USART2_UART_Init	8	static
../Core/Src/main.c:267:13:MX_GPIO_Init	40	static
../Core/Src/main.c:289:6:Task1_Handler	16	static
../Core/Src/main.c:308:6:Task2_Handler	16	static
../Core/Src/main.c:333:6:StartDefaultTask	16	static
../Core/Src/main.c:350:6:StartTask02	16	static
../Core/Src/main.c:364:6:Error_Handler	4	static,ignoring_inline_asm
