Archive member included to satisfy reference by file (symbol)

c:/st/stm32cubeide_1.9.0/stm32cubeide/plugins/com.st.stm32cube.ide.mcu.externaltools.gnu-tools-for-stm32.10.3-2021.10.win32_1.0.0.202111181127/tools/bin/../lib/gcc/arm-none-eabi/10.3.1/../../../../arm-none-eabi/lib/thumb/v7e-m+fp/hard\libc_nano.a(lib_a-errno.o)
                              ./Core/Src/syscalls.o (__errno)
c:/st/stm32cubeide_1.9.0/stm32cubeide/plugins/com.st.stm32cube.ide.mcu.externaltools.gnu-tools-for-stm32.10.3-2021.10.win32_1.0.0.202111181127/tools/bin/../lib/gcc/arm-none-eabi/10.3.1/../../../../arm-none-eabi/lib/thumb/v7e-m+fp/hard\libc_nano.a(lib_a-exit.o)
                              c:/st/stm32cubeide_1.9.0/stm32cubeide/plugins/com.st.stm32cube.ide.mcu.externaltools.gnu-tools-for-stm32.10.3-2021.10.win32_1.0.0.202111181127/tools/bin/../lib/gcc/arm-none-eabi/10.3.1/../../../../arm-none-eabi/lib/thumb/v7e-m+fp/hard/crt0.o (exit)
c:/st/stm32cubeide_1.9.0/stm32cubeide/plugins/com.st.stm32cube.ide.mcu.externaltools.gnu-tools-for-stm32.10.3-2021.10.win32_1.0.0.202111181127/tools/bin/../lib/gcc/arm-none-eabi/10.3.1/../../../../arm-none-eabi/lib/thumb/v7e-m+fp/hard\libc_nano.a(lib_a-impure.o)
                              c:/st/stm32cubeide_1.9.0/stm32cubeide/plugins/com.st.stm32cube.ide.mcu.externaltools.gnu-tools-for-stm32.10.3-2021.10.win32_1.0.0.202111181127/tools/bin/../lib/gcc/arm-none-eabi/10.3.1/../../../../arm-none-eabi/lib/thumb/v7e-m+fp/hard\libc_nano.a(lib_a-exit.o) (_global_impure_ptr)
c:/st/stm32cubeide_1.9.0/stm32cubeide/plugins/com.st.stm32cube.ide.mcu.externaltools.gnu-tools-for-stm32.10.3-2021.10.win32_1.0.0.202111181127/tools/bin/../lib/gcc/arm-none-eabi/10.3.1/../../../../arm-none-eabi/lib/thumb/v7e-m+fp/hard\libc_nano.a(lib_a-init.o)
                              c:/st/stm32cubeide_1.9.0/stm32cubeide/plugins/com.st.stm32cube.ide.mcu.externaltools.gnu-tools-for-stm32.10.3-2021.10.win32_1.0.0.202111181127/tools/bin/../lib/gcc/arm-none-eabi/10.3.1/../../../../arm-none-eabi/lib/thumb/v7e-m+fp/hard/crt0.o (__libc_init_array)
c:/st/stm32cubeide_1.9.0/stm32cubeide/plugins/com.st.stm32cube.ide.mcu.externaltools.gnu-tools-for-stm32.10.3-2021.10.win32_1.0.0.202111181127/tools/bin/../lib/gcc/arm-none-eabi/10.3.1/../../../../arm-none-eabi/lib/thumb/v7e-m+fp/hard\libc_nano.a(lib_a-malloc.o)
                              ./Middlewares/ST/STM32_USB_Host_Library/Class/CDC/Src/usbh_cdc.o (malloc)
c:/st/stm32cubeide_1.9.0/stm32cubeide/plugins/com.st.stm32cube.ide.mcu.externaltools.gnu-tools-for-stm32.10.3-2021.10.win32_1.0.0.202111181127/tools/bin/../lib/gcc/arm-none-eabi/10.3.1/../../../../arm-none-eabi/lib/thumb/v7e-m+fp/hard\libc_nano.a(lib_a-memcmp.o)
                              ./Middlewares/Third_Party/SEGGER/OS/SEGGER_SYSVIEW_FreeRTOS.o (memcmp)
c:/st/stm32cubeide_1.9.0/stm32cubeide/plugins/com.st.stm32cube.ide.mcu.externaltools.gnu-tools-for-stm32.10.3-2021.10.win32_1.0.0.202111181127/tools/bin/../lib/gcc/arm-none-eabi/10.3.1/../../../../arm-none-eabi/lib/thumb/v7e-m+fp/hard\libc_nano.a(lib_a-memcpy-stub.o)
                              ./Middlewares/Third_Party/FreeRTOS/org/Source/queue.o (memcpy)
c:/st/stm32cubeide_1.9.0/stm32cubeide/plugins/com.st.stm32cube.ide.mcu.externaltools.gnu-tools-for-stm32.10.3-2021.10.win32_1.0.0.202111181127/tools/bin/../lib/gcc/arm-none-eabi/10.3.1/../../../../arm-none-eabi/lib/thumb/v7e-m+fp/hard\libc_nano.a(lib_a-memset.o)
                              c:/st/stm32cubeide_1.9.0/stm32cubeide/plugins/com.st.stm32cube.ide.mcu.externaltools.gnu-tools-for-stm32.10.3-2021.10.win32_1.0.0.202111181127/tools/bin/../lib/gcc/arm-none-eabi/10.3.1/../../../../arm-none-eabi/lib/thumb/v7e-m+fp/hard/crt0.o (memset)
c:/st/stm32cubeide_1.9.0/stm32cubeide/plugins/com.st.stm32cube.ide.mcu.externaltools.gnu-tools-for-stm32.10.3-2021.10.win32_1.0.0.202111181127/tools/bin/../lib/gcc/arm-none-eabi/10.3.1/../../../../arm-none-eabi/lib/thumb/v7e-m+fp/hard\libc_nano.a(lib_a-nano-freer.o)
                              c:/st/stm32cubeide_1.9.0/stm32cubeide/plugins/com.st.stm32cube.ide.mcu.externaltools.gnu-tools-for-stm32.10.3-2021.10.win32_1.0.0.202111181127/tools/bin/../lib/gcc/arm-none-eabi/10.3.1/../../../../arm-none-eabi/lib/thumb/v7e-m+fp/hard\libc_nano.a(lib_a-malloc.o) (_free_r)
c:/st/stm32cubeide_1.9.0/stm32cubeide/plugins/com.st.stm32cube.ide.mcu.externaltools.gnu-tools-for-stm32.10.3-2021.10.win32_1.0.0.202111181127/tools/bin/../lib/gcc/arm-none-eabi/10.3.1/../../../../arm-none-eabi/lib/thumb/v7e-m+fp/hard\libc_nano.a(lib_a-nano-mallocr.o)
                              c:/st/stm32cubeide_1.9.0/stm32cubeide/plugins/com.st.stm32cube.ide.mcu.externaltools.gnu-tools-for-stm32.10.3-2021.10.win32_1.0.0.202111181127/tools/bin/../lib/gcc/arm-none-eabi/10.3.1/../../../../arm-none-eabi/lib/thumb/v7e-m+fp/hard\libc_nano.a(lib_a-malloc.o) (_malloc_r)
[...]
Memory Configuration

Name             Origin             Length             Attributes
CCMRAM           0x0000000010000000 0x0000000000010000 xrw
RAM              0x0000000020000000 0x0000000000020000 xrw
FLASH            0x0000000008000000 0x0000000000100000 xr
*default*        0x0000000000000000 0xffffffffffffffff

Linker script and memory map

LOAD c:/st/stm32cubeide_1.9.0/stm32cubeide/plugins/com.st.stm32cube.ide.mcu.externaltools.gnu-tools-for-stm32.10.3-2021.10.win32_1.0.0.202111181127/tools/bin/../lib/gcc/arm-none-eabi/10.3.1/thumb/v7e-m+fp/hard/crti.o
LOAD c:/st/stm32cubeide_1.9.0/stm32cubeide/plugins/com.st.stm32cube.ide.mcu.externaltools.gnu-tools-for-stm32.10.3-2021.10.win32_1.0.0.202111181127/tools/bin/../lib/gcc/arm-none-eabi/10.3.1/thumb/v7e-m+fp/hard/crtbegin.o
LOAD c:/st/stm32cubeide_1.9.0/stm32cubeide/plugins/com.st.stm32cube.ide.mcu.externaltools.gnu-tools-for-stm32.10.3-2021.10.win32_1.0.0.202111181127/tools/bin/../lib/gcc/arm-none-eabi/10.3.1/../../../../arm-none-eabi/lib/thumb/v7e-m+fp/hard/crt0.o
LOAD ./Core/Src/freertos.o
LOAD ./Core/Src/main.o
LOAD ./Core/Src/stm32f4xx_hal_msp.o
LOAD ./Core/Src/stm32f4xx_it.o
LOAD ./Core/Src/syscalls.o
LOAD ./Core/Src/sysmem.o
LOAD ./Core/Src/system_stm32f4xx.o
LOAD ./Core/Startup/startup_stm32f407vgtx.o
LOAD ./Drivers/STM32F4xx_HAL_Driver/Src/stm32f4xx_hal.o
LOAD ./Drivers/STM32F4xx_HAL_Driver/Src/stm32f4xx_hal_cortex.o
LOAD ./Drivers/STM32F4xx_HAL_Driver/Src/stm32f4xx_hal_dma.o
LOAD ./Drivers/STM32F4xx_HAL_Driver/Src/stm32f4xx_hal_dma_ex.o
LOAD ./Drivers/STM32F4xx_HAL_Driver/Src/stm32f4xx_hal_exti.o
LOAD ./Drivers/STM32F4xx_HAL_Driver/Src/stm32f4xx_hal_flash.o
LOAD ./Drivers/STM32F4xx_HAL_Driver/Src/stm32f4xx_hal_flash_ex.o
LOAD ./Drivers/STM32F4xx_HAL_Driver/Src/stm32f4xx_hal_flash_ramfunc.o
LOAD ./Drivers/STM32F4xx_HAL_Driver/Src/stm32f4xx_hal_gpio.o
LOAD ./Drivers/STM32F4xx_HAL_Driver/Src/stm32f4xx_hal_hcd.o
LOAD ./Drivers/STM32F4xx_HAL_Driver/Src/stm32f4xx_hal_i2c.o
LOAD ./Drivers/STM32F4xx_HAL_Driver/Src/stm32f4xx_hal_i2c_ex.o
LOAD ./Drivers/STM32F4xx_HAL_Driver/Src/stm32f4xx_hal_i2s.o
LOAD ./Drivers/STM32F4xx_HAL_Driver/Src/stm32f4xx_hal_i2s_ex.o
LOAD ./Drivers/STM32F4xx_HAL_Driver/Src/stm32f4xx_hal_pwr.o
LOAD ./Drivers/STM32F4xx_HAL_Driver/Src/stm32f4xx_hal_pwr_ex.o
LOAD ./Drivers/STM32F4xx_HAL_Driver/Src/stm32f4xx_hal_rcc.o
LOAD ./Drivers/STM32F4xx_HAL_Driver/Src/stm32f4xx_hal_rcc_ex.o
LOAD ./Drivers/STM32F4xx_HAL_Driver/Src/stm32f4xx_hal_spi.o
LOAD ./Drivers/STM32F4xx_HAL_Driver/Src/stm32f4xx_hal_tim.o
LOAD ./Drivers/STM32F4xx_HAL_Driver/Src/stm32f4xx_hal_tim_ex.o
LOAD ./Drivers/STM32F4xx_HAL_Driver/Src/stm32f4xx_hal_uart.o
LOAD ./Drivers/STM32F4xx_HAL_Driver/Src/stm32f4xx_ll_usb.o
LOAD ./Middlewares/ST/STM32_USB_Host_Library/Class/CDC/Src/usbh_cdc.o
LOAD ./Middlewares/ST/STM32_USB_Host_Library/Core/Src/usbh_core.o
LOAD ./Middlewares/ST/STM32_USB_Host_Library/Core/Src/usbh_ctlreq.o
LOAD ./Middlewares/ST/STM32_USB_Host_Library/Core/Src/usbh_ioreq.o
LOAD ./Middlewares/ST/STM32_USB_Host_Library/Core/Src/usbh_pipes.o
LOAD ./Middlewares/Third_Party/FreeRTOS/org/Source/CMSIS_RTOS/cmsis_os.o
LOAD ./Middlewares/Third_Party/FreeRTOS/org/Source/croutine.o
LOAD ./Middlewares/Third_Party/FreeRTOS/org/Source/event_groups.o
LOAD ./Middlewares/Third_Party/FreeRTOS/org/Source/list.o
LOAD ./Middlewares/Third_Party/FreeRTOS/org/Source/queue.o
LOAD ./Middlewares/Third_Party/FreeRTOS/org/Source/stream_buffer.o
LOAD ./Middlewares/Third_Party/FreeRTOS/org/Source/tasks.o
LOAD ./Middlewares/Third_Party/FreeRTOS/org/Source/timers.o
LOAD ./Middlewares/Third_Party/FreeRTOS/org/Source/portable/GCC/ARM_CM4F/port.o
LOAD ./Middlewares/Third_Party/FreeRTOS/org/Source/portable/MemMang/heap_4.o
LOAD ./Middlewares/Third_Party/SEGGER/Config/SEGGER_SYSVIEW_Config_FreeRTOS.o
LOAD ./Middlewares/Third_Party/SEGGER/OS/SEGGER_SYSVIEW_FreeRTOS.o
LOAD ./Middlewares/Third_Party/SEGGER/SEGGER/SEGGER_RTT.o
LOAD ./Middlewares/Third_Party/SEGGER/SEGGER/SEGGER_SYSVIEW.o
LOAD ./USB_HOST/App/usb_host.o
LOAD ./USB_HOST/Target/usbh_conf.o
LOAD ./USB_HOST/Target/usbh_platform.o
START GROUP
LOAD c:/st/stm32cubeide_1.9.0/stm32cubeide/plugins/com.st.stm32cube.ide.mcu.externaltools.gnu-tools-for-stm32.10.3-2021.10.win32_1.0.0.202111181127/tools/bin/../lib/gcc/arm-none-eabi/10.3.1/../../../../arm-none-eabi/lib/thumb/v7e-m+fp/hard\libc_nano.a
LOAD c:/st/stm32cubeide_1.9.0/stm32cubeide/plugins/com.st.stm32cube.ide.mcu.externaltools.gnu-tools-for-stm32.10.3-2021.10.win32_1.0.0.202111181127/tools/bin/../lib/gcc/arm-none-eabi/10.3.1/../../../../arm-none-eabi/lib/thumb/v7e-m+fp/hard\libm.a
END GROUP
START GROUP
LOAD c:/st/stm32cubeide_1.9.0/stm32cubeide/plugins/com.st.stm32cube.ide.mcu.externaltools.gnu-tools-for-stm32.10.3-2021.10.win32_1.0.0.202111181127/tools/bin/../lib/gcc/arm-none-eabi/10.3.1/thumb/v7e-m+fp/hard\libgcc.a
LOAD c:/st/stm32cubeide_1.9.0/stm32cubeide/plugins/com.st.stm32cube.ide.mcu.externaltools.gnu-tools-for-stm32.10.3-2021.10.win32_1.0.0.202111181127/tools/bin/../lib/gcc/arm-none-eabi/10.3.1/../../../../arm-none-eabi/lib/thumb/v7e-m+fp/hard\libc_nano.a
END GROUP
START GROUP
LOAD c:/st/stm32cubeide_1.9.0/stm32cubeide/plugins/com.st.stm32cube.ide.mcu.externaltools.gnu-tools-for-stm32.10.3-2021.10.win32_1.0.0.202111181127/tools/bin/../lib/gcc/arm-none-eabi/10.3.1/thumb/v7e-m+fp/hard\libgcc.a
LOAD c:/st/stm32cubeide_1.9.0/stm32cubeide/plugins/com.st.stm32cube.ide.mcu.externaltools.gnu-tools-for-stm32.10.3-2021.10.win32_1.0.0.202111181127/tools/bin/../lib/gcc/arm-none-eabi/10.3.1/../../../../arm-none-eabi/lib/thumb/v7e-m+fp/hard\libc_nano.a
LOAD c:/st/stm32cubeide_1.9.0/stm32cubeide/plugins/com.st.stm32cube.ide.mcu.externaltools.gnu-tools-for-stm32.10.3-2021.10.win32_1.0.0.202111181127/tools/bin/../lib/gcc/arm-none-eabi/10.3.1/../../../../arm-none-eabi/lib/thumb/v7e-m+fp/hard\libnosys.a
END GROUP
START GROUP
LOAD c:/st/stm32cubeide_1.9.0/stm32cubeide/plugins/com.st.stm32cube.ide.mcu.externaltools.gnu-tools-for-stm32.10.3-2021.10.win32_1.0.0.202111181127/tools/bin/../lib/gcc/arm-none-eabi/10.3.1/thumb/v7e-m+fp/hard\libgcc.a
LOAD c:/st/stm32cubeide_1.9.0/stm32cubeide/plugins/com.st.stm32cube.ide.mcu.externaltools.gnu-tools-for-stm32.10.3-2021.10.win32_1.0.0.202111181127/tools/bin/../lib/gcc/arm-none-eabi/10.3.1/../../../../arm-none-eabi/lib/thumb/v7e-m+fp/hard\libc_nano.a
LOAD c:/st/stm32cubeide_1.9.0/stm32cubeide/plugins/com.st.stm32cube.ide.mcu.externaltools.gnu-tools-for-stm32.10.3-2021.10.win32_1.0.0.202111181127/tools/bin/../lib/gcc/arm-none-eabi/10.3.1/../../../../arm-none-eabi/lib/thumb/v7e-m+fp/hard\libnosys.a
END GROUP
LOAD c:/st/stm32cubeide_1.9.0/stm32cubeide/plugins/com.st.stm32cube.ide.mcu.externaltools.gnu-tools-for-stm32.10.3-2021.10.win32_1.0.0.202111181127/tools/bin/../lib/gcc/arm-none-eabi/10.3.1/thumb/v7e-m+fp/hard/crtend.o
LOAD c:/st/stm32cubeide_1.9.0/stm32cubeide/plugins/com.st.stm32cube.ide.mcu.externaltools.gnu-tools-for-stm32.10.3-2021.10.win32_1.0.0.202111181127/tools/bin/../lib/gcc/arm-none-eabi/10.3.1/thumb/v7e-m+fp/hard/crtn.o
                0x0000000020020000                _estack = (ORIGIN (RAM) + LENGTH (RAM))
                0x0000000000000200                _Min_Heap_Size = 0x200
                0x0000000000000400                _Min_Stack_Size = 0x400

.isr_vector     0x0000000008000000      0x188
                0x0000000008000000                . = ALIGN (0x4)
 *(.isr_vector)
 .isr_vector    0x0000000008000000      0x188 ./Core/Startup/startup_stm32f407vgtx.o
                0x0000000008000000                g_pfnVectors
                0x0000000008000188                . = ALIGN (0x4)

.text           0x0000000008000190     0x93f0
                0x0000000008000190                . = ALIGN (0x4)
 *(.text)
 .text          0x0000000008000190       0x40 c:/st/stm32cubeide_1.9.0/stm32cubeide/plugins/com.st.stm32cube.ide.mcu.externaltools.gnu-tools-for-stm32.10.3-2021.10.win32_1.0.0.202111181127/tools/bin/../lib/gcc/arm-none-eabi/10.3.1/thumb/v7e-m+fp/hard/crtbegin.o
 .text          0x00000000080001d0       0x30 c:/st/stm32cubeide_1.9.0/stm32cubeide/plugins/com.st.stm32cube.ide.mcu.externaltools.gnu-tools-for-stm32.10.3-2021.10.win32_1.0.0.202111181127/tools/bin/../lib/gcc/arm-none-eabi/10.3.1/thumb/v7e-m+fp/hard\libgcc.a(_aeabi_uldivmod.o)
                0x00000000080001d0                __aeabi_uldivmod
 .text          0x0000000008000200      0x2d0 c:/st/stm32cubeide_1.9.0/stm32cubeide/plugins/com.st.stm32cube.ide.mcu.externaltools.gnu-tools-for-stm32.10.3-2021.10.win32_1.0.0.202111181127/tools/bin/../lib/gcc/arm-none-eabi/10.3.1/thumb/v7e-m+fp/hard\libgcc.a(_udivmoddi4.o)
                0x0000000008000200                __udivmoddi4
 .text          0x00000000080004d0        0x4 c:/st/stm32cubeide_1.9.0/stm32cubeide/plugins/com.st.stm32cube.ide.mcu.externaltools.gnu-tools-for-stm32.10.3-2021.10.win32_1.0.0.202111181127/tools/bin/../lib/gcc/arm-none-eabi/10.3.1/thumb/v7e-m+fp/hard\libgcc.a(_dvmd_tls.o)
                0x00000000080004d0                __aeabi_idiv0
                0x00000000080004d0                __aeabi_ldiv0
 *(.text*)
 .text.vApplicationGetIdleTaskMemory
                0x00000000080004d4       0x34 ./Core/Src/freertos.o
                0x00000000080004d4                vApplicationGetIdleTaskMemory
 .text.main     0x0000000008000508       0x90 ./Core/Src/main.o
                0x0000000008000508                main
 .text.SystemClock_Config
                0x0000000008000598       0xd4 ./Core/Src/main.o
                0x0000000008000598                SystemClock_Config
 .text.MX_I2C1_Init
                0x000000000800066c       0x5c ./Core/Src/main.o
 .text.MX_I2S3_Init
                0x00000000080006c8       0x60 ./Core/Src/main.o
 .text.MX_SPI1_Init
                0x0000000008000728       0x6c ./Core/Src/main.o
 .text.MX_USART2_UART_Init
                0x0000000008000794       0x54 ./Core/Src/main.o
 .text.MX_GPIO_Init
                0x00000000080007e8      0x1fc ./Core/Src/main.o
 .text.delay_FreeRTOS
                0x00000000080009e4       0x44 ./Core/Src/main.o
                0x00000000080009e4                delay_FreeRTOS
 .text.readButtonStateTask
                0x0000000008000a28       0x48 ./Core/Src/main.o
                0x0000000008000a28                readButtonStateTask
 .text.ledFlashTask
                0x0000000008000a70       0x4c ./Core/Src/main.o
                0x0000000008000a70                ledFlashTask
 .text.Error_Handler
                0x0000000008000abc        0xa ./Core/Src/main.o
                0x0000000008000abc                Error_Handler
 *fill*         0x0000000008000ac6        0x2 
 .text.HAL_MspInit
                0x0000000008000ac8       0x58 ./Core/Src/stm32f4xx_hal_msp.o
                0x0000000008000ac8                HAL_MspInit
 .text.HAL_I2C_MspInit
                0x0000000008000b20       0x90 ./Core/Src/stm32f4xx_hal_msp.o
                0x0000000008000b20                HAL_I2C_MspInit
 .text.HAL_I2S_MspInit
                0x0000000008000bb0      0x100 ./Core/Src/stm32f4xx_hal_msp.o
                0x0000000008000bb0                HAL_I2S_MspInit
 .text.HAL_SPI_MspInit
                0x0000000008000cb0       0x90 ./Core/Src/stm32f4xx_hal_msp.o
                0x0000000008000cb0                HAL_SPI_MspInit
 .text.HAL_UART_MspInit
                0x0000000008000d40       0x90 ./Core/Src/stm32f4xx_hal_msp.o
                0x0000000008000d40                HAL_UART_MspInit
 .text.NMI_Handler
                0x0000000008000dd0        0x6 ./Core/Src/stm32f4xx_it.o
                0x0000000008000dd0                NMI_Handler
 .text.HardFault_Handler
                0x0000000008000dd6        0x6 ./Core/Src/stm32f4xx_it.o
                0x0000000008000dd6                HardFault_Handler
 .text.MemManage_Handler
                0x0000000008000ddc        0x6 ./Core/Src/stm32f4xx_it.o
                0x0000000008000ddc                MemManage_Handler
 .text.BusFault_Handler
                0x0000000008000de2        0x6 ./Core/Src/stm32f4xx_it.o
                0x0000000008000de2                BusFault_Handler
 .text.UsageFault_Handler
                0x0000000008000de8        0x6 ./Core/Src/stm32f4xx_it.o
                0x0000000008000de8                UsageFault_Handler
 .text.DebugMon_Handler
                0x0000000008000dee        0xe ./Core/Src/stm32f4xx_it.o
                0x0000000008000dee                DebugMon_Handler
 .text.SysTick_Handler
                0x0000000008000dfc       0x1a ./Core/Src/stm32f4xx_it.o
                0x0000000008000dfc                SysTick_Handler
 *fill*         0x0000000008000e16        0x2 
 .text.OTG_FS_IRQHandler
                0x0000000008000e18       0x14 ./Core/Src/stm32f4xx_it.o
                0x0000000008000e18                OTG_FS_IRQHandler
 .text._read    0x0000000008000e2c       0x3a ./Core/Src/syscalls.o
                0x0000000008000e2c                _read
 .text._write   0x0000000008000e66       0x38 ./Core/Src/syscalls.o
                0x0000000008000e66                _write
 .text._close   0x0000000008000e9e       0x18 ./Core/Src/syscalls.o
                0x0000000008000e9e                _close
 .text._fstat   0x0000000008000eb6       0x20 ./Core/Src/syscalls.o
                0x0000000008000eb6                _fstat
 .text._isatty  0x0000000008000ed6       0x16 ./Core/Src/syscalls.o
                0x0000000008000ed6                _isatty
 .text._lseek   0x0000000008000eec       0x1a ./Core/Src/syscalls.o
                0x0000000008000eec                _lseek
 *fill*         0x0000000008000f06        0x2 
 .text._sbrk    0x0000000008000f08       0x6c ./Core/Src/sysmem.o
                0x0000000008000f08                _sbrk
 .text.SystemInit
                0x0000000008000f74       0x24 ./Core/Src/system_stm32f4xx.o
                0x0000000008000f74                SystemInit
 .text.Reset_Handler
                0x0000000008000f98       0x50 ./Core/Startup/startup_stm32f407vgtx.o
                0x0000000008000f98                Reset_Handler
 .text.Default_Handler
                0x0000000008000fe8        0x2 ./Core/Startup/startup_stm32f407vgtx.o
                0x0000000008000fe8                RTC_Alarm_IRQHandler
                0x0000000008000fe8                HASH_RNG_IRQHandler
                0x0000000008000fe8                EXTI2_IRQHandler
                0x0000000008000fe8                TIM8_CC_IRQHandler
                0x0000000008000fe8                TIM1_CC_IRQHandler
                0x0000000008000fe8                DMA2_Stream5_IRQHandler
                0x0000000008000fe8                DMA1_Stream5_IRQHandler
                0x0000000008000fe8                PVD_IRQHandler
                0x0000000008000fe8                SDIO_IRQHandler
                0x0000000008000fe8                TAMP_STAMP_IRQHandler
                0x0000000008000fe8                CAN2_RX1_IRQHandler
                0x0000000008000fe8                EXTI3_IRQHandler
                0x0000000008000fe8                TIM8_TRG_COM_TIM14_IRQHandler
                0x0000000008000fe8                TIM1_UP_TIM10_IRQHandler
                0x0000000008000fe8                TIM8_UP_TIM13_IRQHandler
                0x0000000008000fe8                I2C3_ER_IRQHandler
                0x0000000008000fe8                EXTI0_IRQHandler
                0x0000000008000fe8                I2C2_EV_IRQHandler
                0x0000000008000fe8                DMA1_Stream2_IRQHandler
                0x0000000008000fe8                CAN1_RX0_IRQHandler
                0x0000000008000fe8                FPU_IRQHandler
                0x0000000008000fe8                OTG_HS_WKUP_IRQHandler
                0x0000000008000fe8                CAN2_SCE_IRQHandler
                0x0000000008000fe8                DMA2_Stream2_IRQHandler
                0x0000000008000fe8                SPI1_IRQHandler
                0x0000000008000fe8                TIM6_DAC_IRQHandler
                0x0000000008000fe8                TIM1_BRK_TIM9_IRQHandler
                0x0000000008000fe8                DCMI_IRQHandler
                0x0000000008000fe8                CAN2_RX0_IRQHandler
                0x0000000008000fe8                DMA2_Stream3_IRQHandler
                0x0000000008000fe8                USART6_IRQHandler
                0x0000000008000fe8                USART3_IRQHandler
                0x0000000008000fe8                CAN1_RX1_IRQHandler
                0x0000000008000fe8                UART5_IRQHandler
                0x0000000008000fe8                DMA2_Stream0_IRQHandler
                0x0000000008000fe8                TIM4_IRQHandler
                0x0000000008000fe8                I2C1_EV_IRQHandler
                0x0000000008000fe8                DMA1_Stream6_IRQHandler
                0x0000000008000fe8                DMA1_Stream1_IRQHandler
                0x0000000008000fe8                UART4_IRQHandler
                0x0000000008000fe8                TIM3_IRQHandler
                0x0000000008000fe8                RCC_IRQHandler
                0x0000000008000fe8                TIM8_BRK_TIM12_IRQHandler
                0x0000000008000fe8                Default_Handler
                0x0000000008000fe8                EXTI15_10_IRQHandler
                0x0000000008000fe8                ADC_IRQHandler
                0x0000000008000fe8                DMA1_Stream7_IRQHandler
                0x0000000008000fe8                TIM7_IRQHandler
                0x0000000008000fe8                CAN2_TX_IRQHandler
                0x0000000008000fe8                TIM5_IRQHandler
                0x0000000008000fe8                DMA2_Stream7_IRQHandler
                0x0000000008000fe8                I2C3_EV_IRQHandler
                0x0000000008000fe8                EXTI9_5_IRQHandler
                0x0000000008000fe8                RTC_WKUP_IRQHandler
                0x0000000008000fe8                ETH_WKUP_IRQHandler
                0x0000000008000fe8                SPI2_IRQHandler
                0x0000000008000fe8                OTG_HS_EP1_IN_IRQHandler
                0x0000000008000fe8                DMA1_Stream0_IRQHandler
                0x0000000008000fe8                CAN1_TX_IRQHandler
                0x0000000008000fe8                EXTI4_IRQHandler
                0x0000000008000fe8                FSMC_IRQHandler
                0x0000000008000fe8                ETH_IRQHandler
                0x0000000008000fe8                OTG_HS_EP1_OUT_IRQHandler
                0x0000000008000fe8                WWDG_IRQHandler
                0x0000000008000fe8                TIM2_IRQHandler
                0x0000000008000fe8                OTG_FS_WKUP_IRQHandler
                0x0000000008000fe8                TIM1_TRG_COM_TIM11_IRQHandler
                0x0000000008000fe8                OTG_HS_IRQHandler
                0x0000000008000fe8                EXTI1_IRQHandler
                0x0000000008000fe8                USART2_IRQHandler
                0x0000000008000fe8                I2C2_ER_IRQHandler
                0x0000000008000fe8                DMA2_Stream1_IRQHandler
                0x0000000008000fe8                CAN1_SCE_IRQHandler
                0x0000000008000fe8                FLASH_IRQHandler
                0x0000000008000fe8                DMA2_Stream4_IRQHandler
                0x0000000008000fe8                USART1_IRQHandler
                0x0000000008000fe8                SPI3_IRQHandler
                0x0000000008000fe8                DMA1_Stream4_IRQHandler
                0x0000000008000fe8                I2C1_ER_IRQHandler
                0x0000000008000fe8                DMA2_Stream6_IRQHandler
                0x0000000008000fe8                DMA1_Stream3_IRQHandler
 *fill*         0x0000000008000fea        0x2 
 .text.HAL_Init
                0x0000000008000fec       0x44 ./Drivers/STM32F4xx_HAL_Driver/Src/stm32f4xx_hal.o
                0x0000000008000fec                HAL_Init
 .text.HAL_InitTick
                0x0000000008001030       0x60 ./Drivers/STM32F4xx_HAL_Driver/Src/stm32f4xx_hal.o
                0x0000000008001030                HAL_InitTick
 .text.HAL_IncTick
                0x0000000008001090       0x28 ./Drivers/STM32F4xx_HAL_Driver/Src/stm32f4xx_hal.o
                0x0000000008001090                HAL_IncTick
 .text.HAL_GetTick
                0x00000000080010b8       0x18 ./Drivers/STM32F4xx_HAL_Driver/Src/stm32f4xx_hal.o
                0x00000000080010b8                HAL_GetTick
 .text.__NVIC_SetPriorityGrouping
                0x00000000080010d0       0x48 ./Drivers/STM32F4xx_HAL_Driver/Src/stm32f4xx_hal_cortex.o
 .text.__NVIC_GetPriorityGrouping
                0x0000000008001118       0x1c ./Drivers/STM32F4xx_HAL_Driver/Src/stm32f4xx_hal_cortex.o
 .text.__NVIC_SetPriority
                0x0000000008001134       0x54 ./Drivers/STM32F4xx_HAL_Driver/Src/stm32f4xx_hal_cortex.o
 .text.NVIC_EncodePriority
                0x0000000008001188       0x66 ./Drivers/STM32F4xx_HAL_Driver/Src/stm32f4xx_hal_cortex.o
 *fill*         0x00000000080011ee        0x2 
 .text.SysTick_Config
                0x00000000080011f0       0x44 ./Drivers/STM32F4xx_HAL_Driver/Src/stm32f4xx_hal_cortex.o
 .text.HAL_NVIC_SetPriorityGrouping
                0x0000000008001234       0x16 ./Drivers/STM32F4xx_HAL_Driver/Src/stm32f4xx_hal_cortex.o
                0x0000000008001234                HAL_NVIC_SetPriorityGrouping
 .text.HAL_NVIC_SetPriority
                0x000000000800124a       0x38 ./Drivers/STM32F4xx_HAL_Driver/Src/stm32f4xx_hal_cortex.o
                0x000000000800124a                HAL_NVIC_SetPriority
 .text.HAL_SYSTICK_Config
                0x0000000008001282       0x18 ./Drivers/STM32F4xx_HAL_Driver/Src/stm32f4xx_hal_cortex.o
                0x0000000008001282                HAL_SYSTICK_Config
 *fill*         0x000000000800129a        0x2 
 .text.HAL_GPIO_Init
                0x000000000800129c      0x338 ./Drivers/STM32F4xx_HAL_Driver/Src/stm32f4xx_hal_gpio.o
                0x000000000800129c                HAL_GPIO_Init
 .text.HAL_GPIO_ReadPin
                0x00000000080015d4       0x30 ./Drivers/STM32F4xx_HAL_Driver/Src/stm32f4xx_hal_gpio.o
                0x00000000080015d4                HAL_GPIO_ReadPin
 .text.HAL_GPIO_WritePin
                0x0000000008001604       0x32 ./Drivers/STM32F4xx_HAL_Driver/Src/stm32f4xx_hal_gpio.o
                0x0000000008001604                HAL_GPIO_WritePin
 .text.HAL_GPIO_TogglePin
                0x0000000008001636       0x34 ./Drivers/STM32F4xx_HAL_Driver/Src/stm32f4xx_hal_gpio.o
                0x0000000008001636                HAL_GPIO_TogglePin
 .text.HAL_HCD_IRQHandler
                0x000000000800166a      0x216 ./Drivers/STM32F4xx_HAL_Driver/Src/stm32f4xx_hal_hcd.o
                0x000000000800166a                HAL_HCD_IRQHandler
 .text.HAL_HCD_Stop
                0x0000000008001880       0x3a ./Drivers/STM32F4xx_HAL_Driver/Src/stm32f4xx_hal_hcd.o
                0x0000000008001880                HAL_HCD_Stop
 .text.HCD_HC_IN_IRQHandler
                0x00000000080018ba      0x6aa ./Drivers/STM32F4xx_HAL_Driver/Src/stm32f4xx_hal_hcd.o
 .text.HCD_HC_OUT_IRQHandler
                0x0000000008001f64      0x6d2 ./Drivers/STM32F4xx_HAL_Driver/Src/stm32f4xx_hal_hcd.o
 .text.HCD_RXQLVL_IRQHandler
                0x0000000008002636      0x1a4 ./Drivers/STM32F4xx_HAL_Driver/Src/stm32f4xx_hal_hcd.o
 .text.HCD_Port_IRQHandler
                0x00000000080027da       0xe6 ./Drivers/STM32F4xx_HAL_Driver/Src/stm32f4xx_hal_hcd.o
 .text.HAL_I2C_Init
                0x00000000080028c0      0x288 ./Drivers/STM32F4xx_HAL_Driver/Src/stm32f4xx_hal_i2c.o
                0x00000000080028c0                HAL_I2C_Init
 .text.HAL_I2S_Init
                0x0000000008002b48      0x280 ./Drivers/STM32F4xx_HAL_Driver/Src/stm32f4xx_hal_i2s.o
                0x0000000008002b48                HAL_I2S_Init
 .text.HAL_I2S_TxCpltCallback
                0x0000000008002dc8       0x14 ./Drivers/STM32F4xx_HAL_Driver/Src/stm32f4xx_hal_i2s.o
                0x0000000008002dc8                HAL_I2S_TxCpltCallback
 .text.HAL_I2S_RxCpltCallback
                0x0000000008002ddc       0x14 ./Drivers/STM32F4xx_HAL_Driver/Src/stm32f4xx_hal_i2s.o
                0x0000000008002ddc                HAL_I2S_RxCpltCallback
 .text.HAL_I2S_ErrorCallback
                0x0000000008002df0       0x14 ./Drivers/STM32F4xx_HAL_Driver/Src/stm32f4xx_hal_i2s.o
                0x0000000008002df0                HAL_I2S_ErrorCallback
 .text.I2S_Transmit_IT
                0x0000000008002e04       0x5c ./Drivers/STM32F4xx_HAL_Driver/Src/stm32f4xx_hal_i2s.o
 .text.I2S_Receive_IT
                0x0000000008002e60       0x5e ./Drivers/STM32F4xx_HAL_Driver/Src/stm32f4xx_hal_i2s.o
 .text.I2S_IRQHandler
                0x0000000008002ebe      0x114 ./Drivers/STM32F4xx_HAL_Driver/Src/stm32f4xx_hal_i2s.o
 *fill*         0x0000000008002fd2        0x2 
 .text.HAL_I2SEx_FullDuplex_IRQHandler
                0x0000000008002fd4      0x2a8 ./Drivers/STM32F4xx_HAL_Driver/Src/stm32f4xx_hal_i2s_ex.o
                0x0000000008002fd4                HAL_I2SEx_FullDuplex_IRQHandler
 .text.HAL_I2SEx_TxRxCpltCallback
                0x000000000800327c       0x14 ./Drivers/STM32F4xx_HAL_Driver/Src/stm32f4xx_hal_i2s_ex.o
                0x000000000800327c                HAL_I2SEx_TxRxCpltCallback
 .text.I2SEx_TxISR_I2S
                0x0000000008003290       0x62 ./Drivers/STM32F4xx_HAL_Driver/Src/stm32f4xx_hal_i2s_ex.o
 *fill*         0x00000000080032f2        0x2 
 .text.I2SEx_TxISR_I2SExt
                0x00000000080032f4       0x98 ./Drivers/STM32F4xx_HAL_Driver/Src/stm32f4xx_hal_i2s_ex.o
 .text.I2SEx_RxISR_I2S
                0x000000000800338c       0x64 ./Drivers/STM32F4xx_HAL_Driver/Src/stm32f4xx_hal_i2s_ex.o
 .text.I2SEx_RxISR_I2SExt
                0x00000000080033f0       0x98 ./Drivers/STM32F4xx_HAL_Driver/Src/stm32f4xx_hal_i2s_ex.o
 .text.HAL_RCC_OscConfig
                0x0000000008003488      0x4f0 ./Drivers/STM32F4xx_HAL_Driver/Src/stm32f4xx_hal_rcc.o
                0x0000000008003488                HAL_RCC_OscConfig
 .text.HAL_RCC_ClockConfig
                0x0000000008003978      0x1cc ./Drivers/STM32F4xx_HAL_Driver/Src/stm32f4xx_hal_rcc.o
                0x0000000008003978                HAL_RCC_ClockConfig
 .text.HAL_RCC_GetSysClockFreq
                0x0000000008003b44      0x20c ./Drivers/STM32F4xx_HAL_Driver/Src/stm32f4xx_hal_rcc.o
                0x0000000008003b44                HAL_RCC_GetSysClockFreq
 .text.HAL_RCC_GetHCLKFreq
                0x0000000008003d50       0x18 ./Drivers/STM32F4xx_HAL_Driver/Src/stm32f4xx_hal_rcc.o
                0x0000000008003d50                HAL_RCC_GetHCLKFreq
 .text.HAL_RCC_GetPCLK1Freq
                0x0000000008003d68       0x28 ./Drivers/STM32F4xx_HAL_Driver/Src/stm32f4xx_hal_rcc.o
                0x0000000008003d68                HAL_RCC_GetPCLK1Freq
 .text.HAL_RCC_GetPCLK2Freq
                0x0000000008003d90       0x28 ./Drivers/STM32F4xx_HAL_Driver/Src/stm32f4xx_hal_rcc.o
                0x0000000008003d90                HAL_RCC_GetPCLK2Freq
 .text.HAL_RCCEx_PeriphCLKConfig
                0x0000000008003db8      0x1c4 ./Drivers/STM32F4xx_HAL_Driver/Src/stm32f4xx_hal_rcc_ex.o
                0x0000000008003db8                HAL_RCCEx_PeriphCLKConfig
 .text.HAL_RCCEx_GetPeriphCLKFreq
                0x0000000008003f7c       0xbc ./Drivers/STM32F4xx_HAL_Driver/Src/stm32f4xx_hal_rcc_ex.o
                0x0000000008003f7c                HAL_RCCEx_GetPeriphCLKFreq
 .text.HAL_SPI_Init
                0x0000000008004038      0x112 ./Drivers/STM32F4xx_HAL_Driver/Src/stm32f4xx_hal_spi.o
                0x0000000008004038                HAL_SPI_Init
 .text.HAL_UART_Init
                0x000000000800414a       0x9a ./Drivers/STM32F4xx_HAL_Driver/Src/stm32f4xx_hal_uart.o
                0x000000000800414a                HAL_UART_Init
 .text.UART_SetConfig
                0x00000000080041e4      0x4e8 ./Drivers/STM32F4xx_HAL_Driver/Src/stm32f4xx_hal_uart.o
 .text.USB_EnableGlobalInt
                0x00000000080046cc       0x22 ./Drivers/STM32F4xx_HAL_Driver/Src/stm32f4xx_ll_usb.o
                0x00000000080046cc                USB_EnableGlobalInt
 .text.USB_DisableGlobalInt
                0x00000000080046ee       0x22 ./Drivers/STM32F4xx_HAL_Driver/Src/stm32f4xx_ll_usb.o
                0x00000000080046ee                USB_DisableGlobalInt
 .text.USB_FlushTxFifo
                0x0000000008004710       0x68 ./Drivers/STM32F4xx_HAL_Driver/Src/stm32f4xx_ll_usb.o
                0x0000000008004710                USB_FlushTxFifo
 .text.USB_FlushRxFifo
                0x0000000008004778       0x60 ./Drivers/STM32F4xx_HAL_Driver/Src/stm32f4xx_ll_usb.o
                0x0000000008004778                USB_FlushRxFifo
 .text.USB_ReadPacket
                0x00000000080047d8       0xb0 ./Drivers/STM32F4xx_HAL_Driver/Src/stm32f4xx_ll_usb.o
                0x00000000080047d8                USB_ReadPacket
 .text.USB_ReadInterrupts
                0x0000000008004888       0x26 ./Drivers/STM32F4xx_HAL_Driver/Src/stm32f4xx_ll_usb.o
                0x0000000008004888                USB_ReadInterrupts
 .text.USB_GetMode
                0x00000000080048ae       0x1c ./Drivers/STM32F4xx_HAL_Driver/Src/stm32f4xx_ll_usb.o
                0x00000000080048ae                USB_GetMode
 .text.USB_InitFSLSPClkSel
                0x00000000080048ca       0x74 ./Drivers/STM32F4xx_HAL_Driver/Src/stm32f4xx_ll_usb.o
                0x00000000080048ca                USB_InitFSLSPClkSel
 .text.USB_HC_ReadInterrupt
                0x000000000800493e       0x22 ./Drivers/STM32F4xx_HAL_Driver/Src/stm32f4xx_ll_usb.o
                0x000000000800493e                USB_HC_ReadInterrupt
 .text.USB_HC_Halt
                0x0000000008004960      0x1f8 ./Drivers/STM32F4xx_HAL_Driver/Src/stm32f4xx_ll_usb.o
                0x0000000008004960                USB_HC_Halt
 .text.USB_StopHost
                0x0000000008004b58      0x124 ./Drivers/STM32F4xx_HAL_Driver/Src/stm32f4xx_ll_usb.o
                0x0000000008004b58                USB_StopHost
 .text.USBH_LL_IncTimer
                0x0000000008004c7c       0x24 ./Middlewares/ST/STM32_USB_Host_Library/Core/Src/usbh_core.o
                0x0000000008004c7c                USBH_LL_IncTimer
 .text.USBH_HandleSof
                0x0000000008004ca0       0x30 ./Middlewares/ST/STM32_USB_Host_Library/Core/Src/usbh_core.o
 .text.USBH_LL_PortEnabled
                0x0000000008004cd0       0x34 ./Middlewares/ST/STM32_USB_Host_Library/Core/Src/usbh_core.o
                0x0000000008004cd0                USBH_LL_PortEnabled
 .text.USBH_LL_PortDisabled
                0x0000000008004d04       0x1c ./Middlewares/ST/STM32_USB_Host_Library/Core/Src/usbh_core.o
                0x0000000008004d04                USBH_LL_PortDisabled
 .text.USBH_LL_Connect
                0x0000000008004d20       0x46 ./Middlewares/ST/STM32_USB_Host_Library/Core/Src/usbh_core.o
                0x0000000008004d20                USBH_LL_Connect
 .text.USBH_LL_Disconnect
                0x0000000008004d66       0x64 ./Middlewares/ST/STM32_USB_Host_Library/Core/Src/usbh_core.o
                0x0000000008004d66                USBH_LL_Disconnect
 .text.USBH_LL_NotifyURBChange
                0x0000000008004dca       0x2e ./Middlewares/ST/STM32_USB_Host_Library/Core/Src/usbh_core.o
                0x0000000008004dca                USBH_LL_NotifyURBChange
 .text.USBH_FreePipe
                0x0000000008004df8       0x3c ./Middlewares/ST/STM32_USB_Host_Library/Core/Src/usbh_pipes.o
                0x0000000008004df8                USBH_FreePipe
 .text.inHandlerMode
                0x0000000008004e34       0x24 ./Middlewares/Third_Party/FreeRTOS/org/Source/CMSIS_RTOS/cmsis_os.o
 .text.osMessagePut
                0x0000000008004e58       0x8c ./Middlewares/Third_Party/FreeRTOS/org/Source/CMSIS_RTOS/cmsis_os.o
                0x0000000008004e58                osMessagePut
 .text.vListInitialise
                0x0000000008004ee4       0x40 ./Middlewares/Third_Party/FreeRTOS/org/Source/list.o
                0x0000000008004ee4                vListInitialise
 .text.vListInitialiseItem
                0x0000000008004f24       0x1a ./Middlewares/Third_Party/FreeRTOS/org/Source/list.o
                0x0000000008004f24                vListInitialiseItem
 .text.vListInsertEnd
                0x0000000008004f3e       0x48 ./Middlewares/Third_Party/FreeRTOS/org/Source/list.o
                0x0000000008004f3e                vListInsertEnd
 .text.vListInsert
                0x0000000008004f86       0x72 ./Middlewares/Third_Party/FreeRTOS/org/Source/list.o
                0x0000000008004f86                vListInsert
 .text.uxListRemove
                0x0000000008004ff8       0x54 ./Middlewares/Third_Party/FreeRTOS/org/Source/list.o
                0x0000000008004ff8                uxListRemove
 .text.xQueueGenericSend
                0x000000000800504c      0x24c ./Middlewares/Third_Party/FreeRTOS/org/Source/queue.o
                0x000000000800504c                xQueueGenericSend
 .text.xQueueGenericSendFromISR
                0x0000000008005298      0x15e ./Middlewares/Third_Party/FreeRTOS/org/Source/queue.o
                0x0000000008005298                xQueueGenericSendFromISR
 .text.prvCopyDataToQueue
                0x00000000080053f6       0xd4 ./Middlewares/Third_Party/FreeRTOS/org/Source/queue.o
 .text.prvUnlockQueue
                0x00000000080054ca       0xa4 ./Middlewares/Third_Party/FreeRTOS/org/Source/queue.o
 .text.prvIsQueueFull
                0x000000000800556e       0x30 ./Middlewares/Third_Party/FreeRTOS/org/Source/queue.o
 .text.xTaskCreateStatic
                0x000000000800559e       0xba ./Middlewares/Third_Party/FreeRTOS/org/Source/tasks.o
                0x000000000800559e                xTaskCreateStatic
 .text.xTaskCreate
                0x0000000008005658       0x8a ./Middlewares/Third_Party/FreeRTOS/org/Source/tasks.o
                0x0000000008005658                xTaskCreate
 .text.prvInitialiseNewTask
                0x00000000080056e2      0x10e ./Middlewares/Third_Party/FreeRTOS/org/Source/tasks.o
 .text.prvAddNewTaskToReadyList
                0x00000000080057f0      0x110 ./Middlewares/Third_Party/FreeRTOS/org/Source/tasks.o
 .text.vTaskDelay
                0x0000000008005900       0x70 ./Middlewares/Third_Party/FreeRTOS/org/Source/tasks.o
                0x0000000008005900                vTaskDelay
 .text.vTaskStartScheduler
                0x0000000008005970       0xe0 ./Middlewares/Third_Party/FreeRTOS/org/Source/tasks.o
                0x0000000008005970                vTaskStartScheduler
 .text.vTaskSuspendAll
                0x0000000008005a50       0x1c ./Middlewares/Third_Party/FreeRTOS/org/Source/tasks.o
                0x0000000008005a50                vTaskSuspendAll
 .text.xTaskResumeAll
                0x0000000008005a6c      0x140 ./Middlewares/Third_Party/FreeRTOS/org/Source/tasks.o
                0x0000000008005a6c                xTaskResumeAll
 .text.xTaskGetTickCount
                0x0000000008005bac       0x20 ./Middlewares/Third_Party/FreeRTOS/org/Source/tasks.o
                0x0000000008005bac                xTaskGetTickCount
 .text.xTaskGetTickCountFromISR
                0x0000000008005bcc       0x24 ./Middlewares/Third_Party/FreeRTOS/org/Source/tasks.o
                0x0000000008005bcc                xTaskGetTickCountFromISR
 .text.xTaskIncrementTick
                0x0000000008005bf0      0x178 ./Middlewares/Third_Party/FreeRTOS/org/Source/tasks.o
                0x0000000008005bf0                xTaskIncrementTick
 .text.vTaskSwitchContext
                0x0000000008005d68       0xd4 ./Middlewares/Third_Party/FreeRTOS/org/Source/tasks.o
                0x0000000008005d68                vTaskSwitchContext
 .text.vTaskPlaceOnEventList
                0x0000000008005e3c       0x48 ./Middlewares/Third_Party/FreeRTOS/org/Source/tasks.o
                0x0000000008005e3c                vTaskPlaceOnEventList
 .text.xTaskRemoveFromEventList
                0x0000000008005e84       0xcc ./Middlewares/Third_Party/FreeRTOS/org/Source/tasks.o
                0x0000000008005e84                xTaskRemoveFromEventList
 .text.vTaskInternalSetTimeOutState
                0x0000000008005f50       0x2c ./Middlewares/Third_Party/FreeRTOS/org/Source/tasks.o
                0x0000000008005f50                vTaskInternalSetTimeOutState
 .text.xTaskCheckForTimeOut
                0x0000000008005f7c       0xc4 ./Middlewares/Third_Party/FreeRTOS/org/Source/tasks.o
                0x0000000008005f7c                xTaskCheckForTimeOut
 .text.vTaskMissedYield
                0x0000000008006040       0x18 ./Middlewares/Third_Party/FreeRTOS/org/Source/tasks.o
                0x0000000008006040                vTaskMissedYield
 .text.prvIdleTask
                0x0000000008006058       0x30 ./Middlewares/Third_Party/FreeRTOS/org/Source/tasks.o
 .text.prvInitialiseTaskLists
                0x0000000008006088       0x80 ./Middlewares/Third_Party/FreeRTOS/org/Source/tasks.o
 .text.prvCheckTasksWaitingTermination
                0x0000000008006108       0x5c ./Middlewares/Third_Party/FreeRTOS/org/Source/tasks.o
 .text.prvDeleteTCB
                0x0000000008006164       0x5e ./Middlewares/Third_Party/FreeRTOS/org/Source/tasks.o
 *fill*         0x00000000080061c2        0x2 
 .text.prvResetNextTaskUnblockTime
                0x00000000080061c4       0x40 ./Middlewares/Third_Party/FreeRTOS/org/Source/tasks.o
 .text.xTaskGetSchedulerState
                0x0000000008006204       0x3c ./Middlewares/Third_Party/FreeRTOS/org/Source/tasks.o
                0x0000000008006204                xTaskGetSchedulerState
 .text.xTaskPriorityDisinherit
                0x0000000008006240      0x114 ./Middlewares/Third_Party/FreeRTOS/org/Source/tasks.o
                0x0000000008006240                xTaskPriorityDisinherit
 .text.xTaskNotifyWait
                0x0000000008006354       0xc8 ./Middlewares/Third_Party/FreeRTOS/org/Source/tasks.o
                0x0000000008006354                xTaskNotifyWait
 .text.xTaskGenericNotify
                0x000000000800641c      0x190 ./Middlewares/Third_Party/FreeRTOS/org/Source/tasks.o
                0x000000000800641c                xTaskGenericNotify
 .text.prvAddCurrentTaskToDelayedList
                0x00000000080065ac       0xf0 ./Middlewares/Third_Party/FreeRTOS/org/Source/tasks.o
 .text.pxPortInitialiseStack
                0x000000000800669c       0x68 ./Middlewares/Third_Party/FreeRTOS/org/Source/portable/GCC/ARM_CM4F/port.o
                0x000000000800669c                pxPortInitialiseStack
 .text.prvTaskExitError
                0x0000000008006704       0x58 ./Middlewares/Third_Party/FreeRTOS/org/Source/portable/GCC/ARM_CM4F/port.o
 *fill*         0x000000000800675c        0x4 
 .text.SVC_Handler
                0x0000000008006760       0x28 ./Middlewares/Third_Party/FreeRTOS/org/Source/portable/GCC/ARM_CM4F/port.o
                0x0000000008006760                SVC_Handler
 .text.prvPortStartFirstTask
                0x0000000008006788       0x28 ./Middlewares/Third_Party/FreeRTOS/org/Source/portable/GCC/ARM_CM4F/port.o
 .text.xPortStartScheduler
                0x00000000080067b0      0x144 ./Middlewares/Third_Party/FreeRTOS/org/Source/portable/GCC/ARM_CM4F/port.o
                0x00000000080067b0                xPortStartScheduler
 .text.vPortEnterCritical
                0x00000000080068f4       0x60 ./Middlewares/Third_Party/FreeRTOS/org/Source/portable/GCC/ARM_CM4F/port.o
                0x00000000080068f4                vPortEnterCritical
 .text.vPortExitCritical
                0x0000000008006954       0x54 ./Middlewares/Third_Party/FreeRTOS/org/Source/portable/GCC/ARM_CM4F/port.o
                0x0000000008006954                vPortExitCritical
 *fill*         0x00000000080069a8        0x8 
 .text.PendSV_Handler
                0x00000000080069b0       0x68 ./Middlewares/Third_Party/FreeRTOS/org/Source/portable/GCC/ARM_CM4F/port.o
                0x00000000080069b0                PendSV_Handler
 .text.xPortSysTickHandler
                0x0000000008006a18       0x54 ./Middlewares/Third_Party/FreeRTOS/org/Source/portable/GCC/ARM_CM4F/port.o
                0x0000000008006a18                xPortSysTickHandler
 .text.vPortSetupTimerInterrupt
                0x0000000008006a6c       0x48 ./Middlewares/Third_Party/FreeRTOS/org/Source/portable/GCC/ARM_CM4F/port.o
                0x0000000008006a6c                vPortSetupTimerInterrupt
 .text.vPortEnableVFP
                0x0000000008006ab4       0x14 ./Middlewares/Third_Party/FreeRTOS/org/Source/portable/GCC/ARM_CM4F/port.o
 .text.vPortValidateInterruptPriority
                0x0000000008006ac8       0x80 ./Middlewares/Third_Party/FreeRTOS/org/Source/portable/GCC/ARM_CM4F/port.o
                0x0000000008006ac8                vPortValidateInterruptPriority
 .text.vSetVarulMaxPRIGROUPValuE
                0x0000000008006b48       0xb0 ./Middlewares/Third_Party/FreeRTOS/org/Source/portable/GCC/ARM_CM4F/port.o
                0x0000000008006b48                vSetVarulMaxPRIGROUPValuE
 .text.pvPortMalloc
                0x0000000008006bf8      0x198 ./Middlewares/Third_Party/FreeRTOS/org/Source/portable/MemMang/heap_4.o
                0x0000000008006bf8                pvPortMalloc
 .text.vPortFree
                0x0000000008006d90       0xc4 ./Middlewares/Third_Party/FreeRTOS/org/Source/portable/MemMang/heap_4.o
                0x0000000008006d90                vPortFree
 .text.prvHeapInit
                0x0000000008006e54       0xc4 ./Middlewares/Third_Party/FreeRTOS/org/Source/portable/MemMang/heap_4.o
 .text.prvInsertBlockIntoFreeList
                0x0000000008006f18       0xb4 ./Middlewares/Third_Party/FreeRTOS/org/Source/portable/MemMang/heap_4.o
 .text._cbSendSystemDesc
                0x0000000008006fcc       0x1c ./Middlewares/Third_Party/SEGGER/Config/SEGGER_SYSVIEW_Config_FreeRTOS.o
 .text.SEGGER_SYSVIEW_Conf
                0x0000000008006fe8       0x2c ./Middlewares/Third_Party/SEGGER/Config/SEGGER_SYSVIEW_Config_FreeRTOS.o
                0x0000000008006fe8                SEGGER_SYSVIEW_Conf
 .text._cbSendTaskList
                0x0000000008007014       0x90 ./Middlewares/Third_Party/SEGGER/OS/SEGGER_SYSVIEW_FreeRTOS.o
 .text._cbGetTime
                0x00000000080070a4       0x86 ./Middlewares/Third_Party/SEGGER/OS/SEGGER_SYSVIEW_FreeRTOS.o
 *fill*         0x000000000800712a        0x2 
 .text.SYSVIEW_AddTask
                0x000000000800712c       0xd0 ./Middlewares/Third_Party/SEGGER/OS/SEGGER_SYSVIEW_FreeRTOS.o
                0x000000000800712c                SYSVIEW_AddTask
 .text.SYSVIEW_SendTaskInfo
                0x00000000080071fc       0x42 ./Middlewares/Third_Party/SEGGER/OS/SEGGER_SYSVIEW_FreeRTOS.o
                0x00000000080071fc                SYSVIEW_SendTaskInfo
 *fill*         0x000000000800723e        0x2 
 .text._DoInit  0x0000000008007240       0xa4 ./Middlewares/Third_Party/SEGGER/SEGGER/SEGGER_RTT.o
 .text.SEGGER_RTT_ReadNoLock
                0x00000000080072e4      0x104 ./Middlewares/Third_Party/SEGGER/SEGGER/SEGGER_RTT.o
                0x00000000080072e4                SEGGER_RTT_ReadNoLock
 .text.SEGGER_RTT_WriteSkipNoLock
                0x00000000080073e8      0x120 ./Middlewares/Third_Party/SEGGER/SEGGER/SEGGER_RTT.o
                0x00000000080073e8                SEGGER_RTT_WriteSkipNoLock
 .text.SEGGER_RTT_ConfigUpBuffer
                0x0000000008007508       0xd4 ./Middlewares/Third_Party/SEGGER/SEGGER/SEGGER_RTT.o
                0x0000000008007508                SEGGER_RTT_ConfigUpBuffer
 .text.SEGGER_RTT_ConfigDownBuffer
                0x00000000080075dc       0xd4 ./Middlewares/Third_Party/SEGGER/SEGGER/SEGGER_RTT.o
                0x00000000080075dc                SEGGER_RTT_ConfigDownBuffer
 .text._EncodeStr
                0x00000000080076b0       0x9a ./Middlewares/Third_Party/SEGGER/SEGGER/SEGGER_SYSVIEW.o
 .text._PreparePacket
                0x000000000800774a       0x18 ./Middlewares/Third_Party/SEGGER/SEGGER/SEGGER_SYSVIEW.o
 *fill*         0x0000000008007762        0x2 
 .text._HandleIncomingPacket
                0x0000000008007764       0xc8 ./Middlewares/Third_Party/SEGGER/SEGGER/SEGGER_SYSVIEW.o
 .text._TrySendOverflowPacket
                0x000000000800782c       0xe0 ./Middlewares/Third_Party/SEGGER/SEGGER/SEGGER_SYSVIEW.o
 .text._SendPacket
                0x000000000800790c      0x1a8 ./Middlewares/Third_Party/SEGGER/SEGGER/SEGGER_SYSVIEW.o
 .text.SEGGER_SYSVIEW_Init
                0x0000000008007ab4       0x7c ./Middlewares/Third_Party/SEGGER/SEGGER/SEGGER_SYSVIEW.o
                0x0000000008007ab4                SEGGER_SYSVIEW_Init
 .text.SEGGER_SYSVIEW_SetRAMBase
                0x0000000008007b30       0x20 ./Middlewares/Third_Party/SEGGER/SEGGER/SEGGER_SYSVIEW.o
                0x0000000008007b30                SEGGER_SYSVIEW_SetRAMBase
 .text.SEGGER_SYSVIEW_RecordVoid
                0x0000000008007b50       0x3c ./Middlewares/Third_Party/SEGGER/SEGGER/SEGGER_SYSVIEW.o
                0x0000000008007b50                SEGGER_SYSVIEW_RecordVoid
 .text.SEGGER_SYSVIEW_RecordU32
                0x0000000008007b8c       0x78 ./Middlewares/Third_Party/SEGGER/SEGGER/SEGGER_SYSVIEW.o
                0x0000000008007b8c                SEGGER_SYSVIEW_RecordU32
 .text.SEGGER_SYSVIEW_RecordU32x2
                0x0000000008007c04       0xb4 ./Middlewares/Third_Party/SEGGER/SEGGER/SEGGER_SYSVIEW.o
                0x0000000008007c04                SEGGER_SYSVIEW_RecordU32x2
 .text.SEGGER_SYSVIEW_RecordU32x4
                0x0000000008007cb8      0x124 ./Middlewares/Third_Party/SEGGER/SEGGER/SEGGER_SYSVIEW.o
                0x0000000008007cb8                SEGGER_SYSVIEW_RecordU32x4
 .text.SEGGER_SYSVIEW_Start
                0x0000000008007ddc      0x178 ./Middlewares/Third_Party/SEGGER/SEGGER/SEGGER_SYSVIEW.o
                0x0000000008007ddc                SEGGER_SYSVIEW_Start
 .text.SEGGER_SYSVIEW_Stop
                0x0000000008007f54       0x4c ./Middlewares/Third_Party/SEGGER/SEGGER/SEGGER_SYSVIEW.o
                0x0000000008007f54                SEGGER_SYSVIEW_Stop
 .text.SEGGER_SYSVIEW_GetSysDesc
                0x0000000008007fa0      0x134 ./Middlewares/Third_Party/SEGGER/SEGGER/SEGGER_SYSVIEW.o
                0x0000000008007fa0                SEGGER_SYSVIEW_GetSysDesc
 .text.SEGGER_SYSVIEW_SendTaskInfo
                0x00000000080080d4      0x1cc ./Middlewares/Third_Party/SEGGER/SEGGER/SEGGER_SYSVIEW.o
                0x00000000080080d4                SEGGER_SYSVIEW_SendTaskInfo
 .text.SEGGER_SYSVIEW_SendTaskList
                0x00000000080082a0       0x28 ./Middlewares/Third_Party/SEGGER/SEGGER/SEGGER_SYSVIEW.o
                0x00000000080082a0                SEGGER_SYSVIEW_SendTaskList
 .text.SEGGER_SYSVIEW_SendSysDesc
                0x00000000080082c8       0x48 ./Middlewares/Third_Party/SEGGER/SEGGER/SEGGER_SYSVIEW.o
                0x00000000080082c8                SEGGER_SYSVIEW_SendSysDesc
 .text.SEGGER_SYSVIEW_RecordSystime
                0x0000000008008310       0x64 ./Middlewares/Third_Party/SEGGER/SEGGER/SEGGER_SYSVIEW.o
                0x0000000008008310                SEGGER_SYSVIEW_RecordSystime
 .text.SEGGER_SYSVIEW_RecordEnterISR
                0x0000000008008374       0x84 ./Middlewares/Third_Party/SEGGER/SEGGER/SEGGER_SYSVIEW.o
                0x0000000008008374                SEGGER_SYSVIEW_RecordEnterISR
 .text.SEGGER_SYSVIEW_RecordExitISR
                0x00000000080083f8       0x38 ./Middlewares/Third_Party/SEGGER/SEGGER/SEGGER_SYSVIEW.o
                0x00000000080083f8                SEGGER_SYSVIEW_RecordExitISR
 .text.SEGGER_SYSVIEW_RecordExitISRToScheduler
                0x0000000008008430       0x38 ./Middlewares/Third_Party/SEGGER/SEGGER/SEGGER_SYSVIEW.o
                0x0000000008008430                SEGGER_SYSVIEW_RecordExitISRToScheduler
 .text.SEGGER_SYSVIEW_OnIdle
                0x0000000008008468       0x38 ./Middlewares/Third_Party/SEGGER/SEGGER/SEGGER_SYSVIEW.o
                0x0000000008008468                SEGGER_SYSVIEW_OnIdle
 .text.SEGGER_SYSVIEW_OnTaskCreate
                0x00000000080084a0       0x88 ./Middlewares/Third_Party/SEGGER/SEGGER/SEGGER_SYSVIEW.o
                0x00000000080084a0                SEGGER_SYSVIEW_OnTaskCreate
 .text.SEGGER_SYSVIEW_OnTaskStartExec
                0x0000000008008528       0x88 ./Middlewares/Third_Party/SEGGER/SEGGER/SEGGER_SYSVIEW.o
                0x0000000008008528                SEGGER_SYSVIEW_OnTaskStartExec
 .text.SEGGER_SYSVIEW_OnTaskStartReady
                0x00000000080085b0       0x88 ./Middlewares/Third_Party/SEGGER/SEGGER/SEGGER_SYSVIEW.o
                0x00000000080085b0                SEGGER_SYSVIEW_OnTaskStartReady
 .text.SEGGER_SYSVIEW_OnTaskStopReady
                0x0000000008008638       0xc0 ./Middlewares/Third_Party/SEGGER/SEGGER/SEGGER_SYSVIEW.o
                0x0000000008008638                SEGGER_SYSVIEW_OnTaskStopReady
 .text.SEGGER_SYSVIEW_ShrinkId
                0x00000000080086f8       0x24 ./Middlewares/Third_Party/SEGGER/SEGGER/SEGGER_SYSVIEW.o
                0x00000000080086f8                SEGGER_SYSVIEW_ShrinkId
 .text.SEGGER_SYSVIEW_SendModule
                0x000000000800871c      0x100 ./Middlewares/Third_Party/SEGGER/SEGGER/SEGGER_SYSVIEW.o
                0x000000000800871c                SEGGER_SYSVIEW_SendModule
 .text.SEGGER_SYSVIEW_SendModuleDescription
                0x000000000800881c       0x3c ./Middlewares/Third_Party/SEGGER/SEGGER/SEGGER_SYSVIEW.o
                0x000000000800881c                SEGGER_SYSVIEW_SendModuleDescription
 .text.SEGGER_SYSVIEW_SendNumModules
                0x0000000008008858       0x7c ./Middlewares/Third_Party/SEGGER/SEGGER/SEGGER_SYSVIEW.o
                0x0000000008008858                SEGGER_SYSVIEW_SendNumModules
 .text.SEGGER_SYSVIEW_Warn
                0x00000000080088d4       0xb8 ./Middlewares/Third_Party/SEGGER/SEGGER/SEGGER_SYSVIEW.o
                0x00000000080088d4                SEGGER_SYSVIEW_Warn
 .text.HAL_HCD_SOF_Callback
                0x000000000800898c       0x1c ./USB_HOST/Target/usbh_conf.o
                0x000000000800898c                HAL_HCD_SOF_Callback
 .text.HAL_HCD_Connect_Callback
                0x00000000080089a8       0x1c ./USB_HOST/Target/usbh_conf.o
                0x00000000080089a8                HAL_HCD_Connect_Callback
 .text.HAL_HCD_Disconnect_Callback
                0x00000000080089c4       0x1c ./USB_HOST/Target/usbh_conf.o
                0x00000000080089c4                HAL_HCD_Disconnect_Callback
 .text.HAL_HCD_HC_NotifyURBChange_Callback
                0x00000000080089e0       0x24 ./USB_HOST/Target/usbh_conf.o
                0x00000000080089e0                HAL_HCD_HC_NotifyURBChange_Callback
 .text.HAL_HCD_PortEnabled_Callback
                0x0000000008008a04       0x1c ./USB_HOST/Target/usbh_conf.o
                0x0000000008008a04                HAL_HCD_PortEnabled_Callback
 .text.HAL_HCD_PortDisabled_Callback
                0x0000000008008a20       0x1c ./USB_HOST/Target/usbh_conf.o
                0x0000000008008a20                HAL_HCD_PortDisabled_Callback
 .text.USBH_LL_Stop
                0x0000000008008a3c       0x36 ./USB_HOST/Target/usbh_conf.o
                0x0000000008008a3c                USBH_LL_Stop
 *fill*         0x0000000008008a72        0x2 
 .text.USBH_Get_USB_Status
                0x0000000008008a74       0x58 ./USB_HOST/Target/usbh_conf.o
                0x0000000008008a74                USBH_Get_USB_Status
 .text.__errno  0x0000000008008acc        0xc c:/st/stm32cubeide_1.9.0/stm32cubeide/plugins/com.st.stm32cube.ide.mcu.externaltools.gnu-tools-for-stm32.10.3-2021.10.win32_1.0.0.202111181127/tools/bin/../lib/gcc/arm-none-eabi/10.3.1/../../../../arm-none-eabi/lib/thumb/v7e-m+fp/hard\libc_nano.a(lib_a-errno.o)
                0x0000000008008acc                __errno
 .text.__libc_init_array
                0x0000000008008ad8       0x48 c:/st/stm32cubeide_1.9.0/stm32cubeide/plugins/com.st.stm32cube.ide.mcu.externaltools.gnu-tools-for-stm32.10.3-2021.10.win32_1.0.0.202111181127/tools/bin/../lib/gcc/arm-none-eabi/10.3.1/../../../../arm-none-eabi/lib/thumb/v7e-m+fp/hard\libc_nano.a(lib_a-init.o)
                0x0000000008008ad8                __libc_init_array
 .text.memcmp   0x0000000008008b20       0x20 c:/st/stm32cubeide_1.9.0/stm32cubeide/plugins/com.st.stm32cube.ide.mcu.externaltools.gnu-tools-for-stm32.10.3-2021.10.win32_1.0.0.202111181127/tools/bin/../lib/gcc/arm-none-eabi/10.3.1/../../../../arm-none-eabi/lib/thumb/v7e-m+fp/hard\libc_nano.a(lib_a-memcmp.o)
                0x0000000008008b20                memcmp
 .text.memcpy   0x0000000008008b40       0x1c c:/st/stm32cubeide_1.9.0/stm32cubeide/plugins/com.st.stm32cube.ide.mcu.externaltools.gnu-tools-for-stm32.10.3-2021.10.win32_1.0.0.202111181127/tools/bin/../lib/gcc/arm-none-eabi/10.3.1/../../../../arm-none-eabi/lib/thumb/v7e-m+fp/hard\libc_nano.a(lib_a-memcpy-stub.o)
                0x0000000008008b40                memcpy
 .text.memset   0x0000000008008b5c       0x10 c:/st/stm32cubeide_1.9.0/stm32cubeide/plugins/com.st.stm32cube.ide.mcu.externaltools.gnu-tools-for-stm32.10.3-2021.10.win32_1.0.0.202111181127/tools/bin/../lib/gcc/arm-none-eabi/10.3.1/../../../../arm-none-eabi/lib/thumb/v7e-m+fp/hard\libc_nano.a(lib_a-memset.o)
                0x0000000008008b5c                memset
 .text._free_r  0x0000000008008b6c       0x98 c:/st/stm32cubeide_1.9.0/stm32cubeide/plugins/com.st.stm32cube.ide.mcu.externaltools.gnu-tools-for-stm32.10.3-2021.10.win32_1.0.0.202111181127/tools/bin/../lib/gcc/arm-none-eabi/10.3.1/../../../../arm-none-eabi/lib/thumb/v7e-m+fp/hard\libc_nano.a(lib_a-nano-freer.o)
                0x0000000008008b6c                _free_r
 .text.sbrk_aligned
                0x0000000008008c04       0x40 c:/st/stm32cubeide_1.9.0/stm32cubeide/plugins/com.st.stm32cube.ide.mcu.externaltools.gnu-tools-for-stm32.10.3-2021.10.win32_1.0.0.202111181127/tools/bin/../lib/gcc/arm-none-eabi/10.3.1/../../../../arm-none-eabi/lib/thumb/v7e-m+fp/hard\libc_nano.a(lib_a-nano-mallocr.o)
 .text._malloc_r
                0x0000000008008c44       0xe8 c:/st/stm32cubeide_1.9.0/stm32cubeide/plugins/com.st.stm32cube.ide.mcu.externaltools.gnu-tools-for-stm32.10.3-2021.10.win32_1.0.0.202111181127/tools/bin/../lib/gcc/arm-none-eabi/10.3.1/../../../../arm-none-eabi/lib/thumb/v7e-m+fp/hard\libc_nano.a(lib_a-nano-mallocr.o)
                0x0000000008008c44                _malloc_r
 .text._puts_r  0x0000000008008d2c       0xdc c:/st/stm32cubeide_1.9.0/stm32cubeide/plugins/com.st.stm32cube.ide.mcu.externaltools.gnu-tools-for-stm32.10.3-2021.10.win32_1.0.0.202111181127/tools/bin/../lib/gcc/arm-none-eabi/10.3.1/../../../../arm-none-eabi/lib/thumb/v7e-m+fp/hard\libc_nano.a(lib_a-puts.o)
                0x0000000008008d2c                _puts_r
 .text.puts     0x0000000008008e08       0x10 c:/st/stm32cubeide_1.9.0/stm32cubeide/plugins/com.st.stm32cube.ide.mcu.externaltools.gnu-tools-for-stm32.10.3-2021.10.win32_1.0.0.202111181127/tools/bin/../lib/gcc/arm-none-eabi/10.3.1/../../../../arm-none-eabi/lib/thumb/v7e-m+fp/hard\libc_nano.a(lib_a-puts.o)
                0x0000000008008e08                puts
 .text._sbrk_r  0x0000000008008e18       0x20 c:/st/stm32cubeide_1.9.0/stm32cubeide/plugins/com.st.stm32cube.ide.mcu.externaltools.gnu-tools-for-stm32.10.3-2021.10.win32_1.0.0.202111181127/tools/bin/../lib/gcc/arm-none-eabi/10.3.1/../../../../arm-none-eabi/lib/thumb/v7e-m+fp/hard\libc_nano.a(lib_a-sbrkr.o)
                0x0000000008008e18                _sbrk_r
 .text.__swbuf_r
                0x0000000008008e38       0xa4 c:/st/stm32cubeide_1.9.0/stm32cubeide/plugins/com.st.stm32cube.ide.mcu.externaltools.gnu-tools-for-stm32.10.3-2021.10.win32_1.0.0.202111181127/tools/bin/../lib/gcc/arm-none-eabi/10.3.1/../../../../arm-none-eabi/lib/thumb/v7e-m+fp/hard\libc_nano.a(lib_a-wbuf.o)
                0x0000000008008e38                __swbuf_r
 .text.__swsetup_r
                0x0000000008008edc       0xdc c:/st/stm32cubeide_1.9.0/stm32cubeide/plugins/com.st.stm32cube.ide.mcu.externaltools.gnu-tools-for-stm32.10.3-2021.10.win32_1.0.0.202111181127/tools/bin/../lib/gcc/arm-none-eabi/10.3.1/../../../../arm-none-eabi/lib/thumb/v7e-m+fp/hard\libc_nano.a(lib_a-wsetup.o)
                0x0000000008008edc                __swsetup_r
 .text.__sflush_r
                0x0000000008008fb8      0x10c c:/st/stm32cubeide_1.9.0/stm32cubeide/plugins/com.st.stm32cube.ide.mcu.externaltools.gnu-tools-for-stm32.10.3-2021.10.win32_1.0.0.202111181127/tools/bin/../lib/gcc/arm-none-eabi/10.3.1/../../../../arm-none-eabi/lib/thumb/v7e-m+fp/hard\libc_nano.a(lib_a-fflush.o)
                0x0000000008008fb8                __sflush_r
 .text._fflush_r
                0x00000000080090c4       0x78 c:/st/stm32cubeide_1.9.0/stm32cubeide/plugins/com.st.stm32cube.ide.mcu.externaltools.gnu-tools-for-stm32.10.3-2021.10.win32_1.0.0.202111181127/tools/bin/../lib/gcc/arm-none-eabi/10.3.1/../../../../arm-none-eabi/lib/thumb/v7e-m+fp/hard\libc_nano.a(lib_a-fflush.o)
                0x00000000080090c4                _fflush_r
 .text.std      0x000000000800913c       0x48 c:/st/stm32cubeide_1.9.0/stm32cubeide/plugins/com.st.stm32cube.ide.mcu.externaltools.gnu-tools-for-stm32.10.3-2021.10.win32_1.0.0.202111181127/tools/bin/../lib/gcc/arm-none-eabi/10.3.1/../../../../arm-none-eabi/lib/thumb/v7e-m+fp/hard\libc_nano.a(lib_a-findfp.o)
 .text._cleanup_r
                0x0000000008009184        0xc c:/st/stm32cubeide_1.9.0/stm32cubeide/plugins/com.st.stm32cube.ide.mcu.externaltools.gnu-tools-for-stm32.10.3-2021.10.win32_1.0.0.202111181127/tools/bin/../lib/gcc/arm-none-eabi/10.3.1/../../../../arm-none-eabi/lib/thumb/v7e-m+fp/hard\libc_nano.a(lib_a-findfp.o)
                0x0000000008009184                _cleanup_r
 .text.__sfmoreglue
                0x0000000008009190       0x2c c:/st/stm32cubeide_1.9.0/stm32cubeide/plugins/com.st.stm32cube.ide.mcu.externaltools.gnu-tools-for-stm32.10.3-2021.10.win32_1.0.0.202111181127/tools/bin/../lib/gcc/arm-none-eabi/10.3.1/../../../../arm-none-eabi/lib/thumb/v7e-m+fp/hard\libc_nano.a(lib_a-findfp.o)
                0x0000000008009190                __sfmoreglue
 .text.__sfp_lock_acquire
                0x00000000080091bc        0xc c:/st/stm32cubeide_1.9.0/stm32cubeide/plugins/com.st.stm32cube.ide.mcu.externaltools.gnu-tools-for-stm32.10.3-2021.10.win32_1.0.0.202111181127/tools/bin/../lib/gcc/arm-none-eabi/10.3.1/../../../../arm-none-eabi/lib/thumb/v7e-m+fp/hard\libc_nano.a(lib_a-findfp.o)
                0x00000000080091bc                __sfp_lock_acquire
 .text.__sfp_lock_release
                0x00000000080091c8        0xc c:/st/stm32cubeide_1.9.0/stm32cubeide/plugins/com.st.stm32cube.ide.mcu.externaltools.gnu-tools-for-stm32.10.3-2021.10.win32_1.0.0.202111181127/tools/bin/../lib/gcc/arm-none-eabi/10.3.1/../../../../arm-none-eabi/lib/thumb/v7e-m+fp/hard\libc_nano.a(lib_a-findfp.o)
                0x00000000080091c8                __sfp_lock_release
 .text.__sinit_lock_acquire
                0x00000000080091d4        0xc c:/st/stm32cubeide_1.9.0/stm32cubeide/plugins/com.st.stm32cube.ide.mcu.externaltools.gnu-tools-for-stm32.10.3-2021.10.win32_1.0.0.202111181127/tools/bin/../lib/gcc/arm-none-eabi/10.3.1/../../../../arm-none-eabi/lib/thumb/v7e-m+fp/hard\libc_nano.a(lib_a-findfp.o)
                0x00000000080091d4                __sinit_lock_acquire
 .text.__sinit_lock_release
                0x00000000080091e0        0xc c:/st/stm32cubeide_1.9.0/stm32cubeide/plugins/com.st.stm32cube.ide.mcu.externaltools.gnu-tools-for-stm32.10.3-2021.10.win32_1.0.0.202111181127/tools/bin/../lib/gcc/arm-none-eabi/10.3.1/../../../../arm-none-eabi/lib/thumb/v7e-m+fp/hard\libc_nano.a(lib_a-findfp.o)
                0x00000000080091e0                __sinit_lock_release
 .text.__sinit  0x00000000080091ec       0x70 c:/st/stm32cubeide_1.9.0/stm32cubeide/plugins/com.st.stm32cube.ide.mcu.externaltools.gnu-tools-for-stm32.10.3-2021.10.win32_1.0.0.202111181127/tools/bin/../lib/gcc/arm-none-eabi/10.3.1/../../../../arm-none-eabi/lib/thumb/v7e-m+fp/hard\libc_nano.a(lib_a-findfp.o)
                0x00000000080091ec                __sinit
 .text.__sfp    0x000000000800925c       0x8c c:/st/stm32cubeide_1.9.0/stm32cubeide/plugins/com.st.stm32cube.ide.mcu.externaltools.gnu-tools-for-stm32.10.3-2021.10.win32_1.0.0.202111181127/tools/bin/../lib/gcc/arm-none-eabi/10.3.1/../../../../arm-none-eabi/lib/thumb/v7e-m+fp/hard\libc_nano.a(lib_a-findfp.o)
                0x000000000800925c                __sfp
 .text._fwalk_reent
                0x00000000080092e8       0x3e c:/st/stm32cubeide_1.9.0/stm32cubeide/plugins/com.st.stm32cube.ide.mcu.externaltools.gnu-tools-for-stm32.10.3-2021.10.win32_1.0.0.202111181127/tools/bin/../lib/gcc/arm-none-eabi/10.3.1/../../../../arm-none-eabi/lib/thumb/v7e-m+fp/hard\libc_nano.a(lib_a-fwalk.o)
                0x00000000080092e8                _fwalk_reent
 .text.__retarget_lock_init_recursive
                0x0000000008009326        0x2 c:/st/stm32cubeide_1.9.0/stm32cubeide/plugins/com.st.stm32cube.ide.mcu.externaltools.gnu-tools-for-stm32.10.3-2021.10.win32_1.0.0.202111181127/tools/bin/../lib/gcc/arm-none-eabi/10.3.1/../../../../arm-none-eabi/lib/thumb/v7e-m+fp/hard\libc_nano.a(lib_a-lock.o)
                0x0000000008009326                __retarget_lock_init_recursive
 .text.__retarget_lock_acquire_recursive
                0x0000000008009328        0x2 c:/st/stm32cubeide_1.9.0/stm32cubeide/plugins/com.st.stm32cube.ide.mcu.externaltools.gnu-tools-for-stm32.10.3-2021.10.win32_1.0.0.202111181127/tools/bin/../lib/gcc/arm-none-eabi/10.3.1/../../../../arm-none-eabi/lib/thumb/v7e-m+fp/hard\libc_nano.a(lib_a-lock.o)
                0x0000000008009328                __retarget_lock_acquire_recursive
 .text.__retarget_lock_release_recursive
                0x000000000800932a        0x2 c:/st/stm32cubeide_1.9.0/stm32cubeide/plugins/com.st.stm32cube.ide.mcu.externaltools.gnu-tools-for-stm32.10.3-2021.10.win32_1.0.0.202111181127/tools/bin/../lib/gcc/arm-none-eabi/10.3.1/../../../../arm-none-eabi/lib/thumb/v7e-m+fp/hard\libc_nano.a(lib_a-lock.o)
                0x000000000800932a                __retarget_lock_release_recursive
 .text.__swhatbuf_r
                0x000000000800932c       0x4a c:/st/stm32cubeide_1.9.0/stm32cubeide/plugins/com.st.stm32cube.ide.mcu.externaltools.gnu-tools-for-stm32.10.3-2021.10.win32_1.0.0.202111181127/tools/bin/../lib/gcc/arm-none-eabi/10.3.1/../../../../arm-none-eabi/lib/thumb/v7e-m+fp/hard\libc_nano.a(lib_a-makebuf.o)
                0x000000000800932c                __swhatbuf_r
 *fill*         0x0000000008009376        0x2 
 .text.__smakebuf_r
                0x0000000008009378       0x80 c:/st/stm32cubeide_1.9.0/stm32cubeide/plugins/com.st.stm32cube.ide.mcu.externaltools.gnu-tools-for-stm32.10.3-2021.10.win32_1.0.0.202111181127/tools/bin/../lib/gcc/arm-none-eabi/10.3.1/../../../../arm-none-eabi/lib/thumb/v7e-m+fp/hard\libc_nano.a(lib_a-makebuf.o)
                0x0000000008009378                __smakebuf_r
 .text.__malloc_lock
                0x00000000080093f8        0xc c:/st/stm32cubeide_1.9.0/stm32cubeide/plugins/com.st.stm32cube.ide.mcu.externaltools.gnu-tools-for-stm32.10.3-2021.10.win32_1.0.0.202111181127/tools/bin/../lib/gcc/arm-none-eabi/10.3.1/../../../../arm-none-eabi/lib/thumb/v7e-m+fp/hard\libc_nano.a(lib_a-mlock.o)
                0x00000000080093f8                __malloc_lock
 .text.__malloc_unlock
                0x0000000008009404        0xc c:/st/stm32cubeide_1.9.0/stm32cubeide/plugins/com.st.stm32cube.ide.mcu.externaltools.gnu-tools-for-stm32.10.3-2021.10.win32_1.0.0.202111181127/tools/bin/../lib/gcc/arm-none-eabi/10.3.1/../../../../arm-none-eabi/lib/thumb/v7e-m+fp/hard\libc_nano.a(lib_a-mlock.o)
                0x0000000008009404                __malloc_unlock
 .text.__sread  0x0000000008009410       0x22 c:/st/stm32cubeide_1.9.0/stm32cubeide/plugins/com.st.stm32cube.ide.mcu.externaltools.gnu-tools-for-stm32.10.3-2021.10.win32_1.0.0.202111181127/tools/bin/../lib/gcc/arm-none-eabi/10.3.1/../../../../arm-none-eabi/lib/thumb/v7e-m+fp/hard\libc_nano.a(lib_a-stdio.o)
                0x0000000008009410                __sread
 .text.__swrite
                0x0000000008009432       0x38 c:/st/stm32cubeide_1.9.0/stm32cubeide/plugins/com.st.stm32cube.ide.mcu.externaltools.gnu-tools-for-stm32.10.3-2021.10.win32_1.0.0.202111181127/tools/bin/../lib/gcc/arm-none-eabi/10.3.1/../../../../arm-none-eabi/lib/thumb/v7e-m+fp/hard\libc_nano.a(lib_a-stdio.o)
                0x0000000008009432                __swrite
 .text.__sseek  0x000000000800946a       0x24 c:/st/stm32cubeide_1.9.0/stm32cubeide/plugins/com.st.stm32cube.ide.mcu.externaltools.gnu-tools-for-stm32.10.3-2021.10.win32_1.0.0.202111181127/tools/bin/../lib/gcc/arm-none-eabi/10.3.1/../../../../arm-none-eabi/lib/thumb/v7e-m+fp/hard\libc_nano.a(lib_a-stdio.o)
                0x000000000800946a                __sseek
 .text.__sclose
                0x000000000800948e        0x8 c:/st/stm32cubeide_1.9.0/stm32cubeide/plugins/com.st.stm32cube.ide.mcu.externaltools.gnu-tools-for-stm32.10.3-2021.10.win32_1.0.0.202111181127/tools/bin/../lib/gcc/arm-none-eabi/10.3.1/../../../../arm-none-eabi/lib/thumb/v7e-m+fp/hard\libc_nano.a(lib_a-stdio.o)
                0x000000000800948e                __sclose
 *fill*         0x0000000008009496        0x2 
 .text._write_r
                0x0000000008009498       0x24 c:/st/stm32cubeide_1.9.0/stm32cubeide/plugins/com.st.stm32cube.ide.mcu.externaltools.gnu-tools-for-stm32.10.3-2021.10.win32_1.0.0.202111181127/tools/bin/../lib/gcc/arm-none-eabi/10.3.1/../../../../arm-none-eabi/lib/thumb/v7e-m+fp/hard\libc_nano.a(lib_a-writer.o)
                0x0000000008009498                _write_r
 .text._close_r
                0x00000000080094bc       0x20 c:/st/stm32cubeide_1.9.0/stm32cubeide/plugins/com.st.stm32cube.ide.mcu.externaltools.gnu-tools-for-stm32.10.3-2021.10.win32_1.0.0.202111181127/tools/bin/../lib/gcc/arm-none-eabi/10.3.1/../../../../arm-none-eabi/lib/thumb/v7e-m+fp/hard\libc_nano.a(lib_a-closer.o)
                0x00000000080094bc                _close_r
 .text._fstat_r
                0x00000000080094dc       0x24 c:/st/stm32cubeide_1.9.0/stm32cubeide/plugins/com.st.stm32cube.ide.mcu.externaltools.gnu-tools-for-stm32.10.3-2021.10.win32_1.0.0.202111181127/tools/bin/../lib/gcc/arm-none-eabi/10.3.1/../../../../arm-none-eabi/lib/thumb/v7e-m+fp/hard\libc_nano.a(lib_a-fstatr.o)
                0x00000000080094dc                _fstat_r
 .text._isatty_r
                0x0000000008009500       0x20 c:/st/stm32cubeide_1.9.0/stm32cubeide/plugins/com.st.stm32cube.ide.mcu.externaltools.gnu-tools-for-stm32.10.3-2021.10.win32_1.0.0.202111181127/tools/bin/../lib/gcc/arm-none-eabi/10.3.1/../../../../arm-none-eabi/lib/thumb/v7e-m+fp/hard\libc_nano.a(lib_a-isattyr.o)
                0x0000000008009500                _isatty_r
 .text._lseek_r
                0x0000000008009520       0x24 c:/st/stm32cubeide_1.9.0/stm32cubeide/plugins/com.st.stm32cube.ide.mcu.externaltools.gnu-tools-for-stm32.10.3-2021.10.win32_1.0.0.202111181127/tools/bin/../lib/gcc/arm-none-eabi/10.3.1/../../../../arm-none-eabi/lib/thumb/v7e-m+fp/hard\libc_nano.a(lib_a-lseekr.o)
                0x0000000008009520                _lseek_r
 .text._read_r  0x0000000008009544       0x24 c:/st/stm32cubeide_1.9.0/stm32cubeide/plugins/com.st.stm32cube.ide.mcu.externaltools.gnu-tools-for-stm32.10.3-2021.10.win32_1.0.0.202111181127/tools/bin/../lib/gcc/arm-none-eabi/10.3.1/../../../../arm-none-eabi/lib/thumb/v7e-m+fp/hard\libc_nano.a(lib_a-readr.o)
                0x0000000008009544                _read_r
 *(.glue_7)
 .glue_7        0x0000000008009568        0x0 linker stubs
 *(.glue_7t)
 .glue_7t       0x0000000008009568        0x0 linker stubs
 *(.eh_frame)
 .eh_frame      0x0000000008009568        0x0 c:/st/stm32cubeide_1.9.0/stm32cubeide/plugins/com.st.stm32cube.ide.mcu.externaltools.gnu-tools-for-stm32.10.3-2021.10.win32_1.0.0.202111181127/tools/bin/../lib/gcc/arm-none-eabi/10.3.1/thumb/v7e-m+fp/hard/crtbegin.o
 *(.init)
 .init          0x0000000008009568        0x4 c:/st/stm32cubeide_1.9.0/stm32cubeide/plugins/com.st.stm32cube.ide.mcu.externaltools.gnu-tools-for-stm32.10.3-2021.10.win32_1.0.0.202111181127/tools/bin/../lib/gcc/arm-none-eabi/10.3.1/thumb/v7e-m+fp/hard/crti.o
                0x0000000008009568                _init
 .init          0x000000000800956c        0x8 c:/st/stm32cubeide_1.9.0/stm32cubeide/plugins/com.st.stm32cube.ide.mcu.externaltools.gnu-tools-for-stm32.10.3-2021.10.win32_1.0.0.202111181127/tools/bin/../lib/gcc/arm-none-eabi/10.3.1/thumb/v7e-m+fp/hard/crtn.o
 *(.fini)
 .fini          0x0000000008009574        0x4 c:/st/stm32cubeide_1.9.0/stm32cubeide/plugins/com.st.stm32cube.ide.mcu.externaltools.gnu-tools-for-stm32.10.3-2021.10.win32_1.0.0.202111181127/tools/bin/../lib/gcc/arm-none-eabi/10.3.1/thumb/v7e-m+fp/hard/crti.o
                0x0000000008009574                _fini
 .fini          0x0000000008009578        0x8 c:/st/stm32cubeide_1.9.0/stm32cubeide/plugins/com.st.stm32cube.ide.mcu.externaltools.gnu-tools-for-stm32.10.3-2021.10.win32_1.0.0.202111181127/tools/bin/../lib/gcc/arm-none-eabi/10.3.1/thumb/v7e-m+fp/hard/crtn.o
                0x0000000008009580                . = ALIGN (0x4)
                0x0000000008009580                _etext = .

.vfp11_veneer   0x0000000008009580        0x0
 .vfp11_veneer  0x0000000008009580        0x0 linker stubs

.v4_bx          0x0000000008009580        0x0
 .v4_bx         0x0000000008009580        0x0 linker stubs

.iplt           0x0000000008009580        0x0
 .iplt          0x0000000008009580        0x0 c:/st/stm32cubeide_1.9.0/stm32cubeide/plugins/com.st.stm32cube.ide.mcu.externaltools.gnu-tools-for-stm32.10.3-2021.10.win32_1.0.0.202111181127/tools/bin/../lib/gcc/arm-none-eabi/10.3.1/thumb/v7e-m+fp/hard/crtbegin.o

.rodata         0x0000000008009580      0x17c
                0x0000000008009580                . = ALIGN (0x4)
 *(.rodata)
 .rodata        0x0000000008009580       0x26 ./Core/Src/main.o
 *fill*         0x00000000080095a6        0x2 
 .rodata        0x00000000080095a8        0x5 ./Middlewares/Third_Party/FreeRTOS/org/Source/tasks.o
 *fill*         0x00000000080095ad        0x3 
 .rodata        0x00000000080095b0       0x41 ./Middlewares/Third_Party/SEGGER/Config/SEGGER_SYSVIEW_Config_FreeRTOS.o
 *fill*         0x00000000080095f1        0x3 
 .rodata        0x00000000080095f4       0x58 ./Middlewares/Third_Party/SEGGER/OS/SEGGER_SYSVIEW_FreeRTOS.o
 .rodata        0x000000000800964c       0x17 ./Middlewares/Third_Party/SEGGER/SEGGER/SEGGER_RTT.o
 *fill*         0x0000000008009663        0x1 
 .rodata        0x0000000008009664        0x8 ./Middlewares/Third_Party/SEGGER/SEGGER/SEGGER_SYSVIEW.o
 *(.rodata*)
 .rodata.AHBPrescTable
                0x000000000800966c       0x10 ./Core/Src/system_stm32f4xx.o
                0x000000000800966c                AHBPrescTable
 .rodata.APBPrescTable
                0x000000000800967c        0x8 ./Core/Src/system_stm32f4xx.o
                0x000000000800967c                APBPrescTable
 .rodata.SYSVIEW_X_OS_TraceAPI
                0x0000000008009684        0x8 ./Middlewares/Third_Party/SEGGER/OS/SEGGER_SYSVIEW_FreeRTOS.o
                0x0000000008009684                SYSVIEW_X_OS_TraceAPI
 .rodata._abSync
                0x000000000800968c        0xa ./Middlewares/Third_Party/SEGGER/SEGGER/SEGGER_SYSVIEW.o
 *fill*         0x0000000008009696        0x2 
 .rodata._global_impure_ptr
                0x0000000008009698        0x4 c:/st/stm32cubeide_1.9.0/stm32cubeide/plugins/com.st.stm32cube.ide.mcu.externaltools.gnu-tools-for-stm32.10.3-2021.10.win32_1.0.0.202111181127/tools/bin/../lib/gcc/arm-none-eabi/10.3.1/../../../../arm-none-eabi/lib/thumb/v7e-m+fp/hard\libc_nano.a(lib_a-impure.o)
                0x0000000008009698                _global_impure_ptr
 .rodata.__sf_fake_stderr
                0x000000000800969c       0x20 c:/st/stm32cubeide_1.9.0/stm32cubeide/plugins/com.st.stm32cube.ide.mcu.externaltools.gnu-tools-for-stm32.10.3-2021.10.win32_1.0.0.202111181127/tools/bin/../lib/gcc/arm-none-eabi/10.3.1/../../../../arm-none-eabi/lib/thumb/v7e-m+fp/hard\libc_nano.a(lib_a-findfp.o)
                0x000000000800969c                __sf_fake_stderr
 .rodata.__sf_fake_stdin
                0x00000000080096bc       0x20 c:/st/stm32cubeide_1.9.0/stm32cubeide/plugins/com.st.stm32cube.ide.mcu.externaltools.gnu-tools-for-stm32.10.3-2021.10.win32_1.0.0.202111181127/tools/bin/../lib/gcc/arm-none-eabi/10.3.1/../../../../arm-none-eabi/lib/thumb/v7e-m+fp/hard\libc_nano.a(lib_a-findfp.o)
                0x00000000080096bc                __sf_fake_stdin
 .rodata.__sf_fake_stdout
                0x00000000080096dc       0x20 c:/st/stm32cubeide_1.9.0/stm32cubeide/plugins/com.st.stm32cube.ide.mcu.externaltools.gnu-tools-for-stm32.10.3-2021.10.win32_1.0.0.202111181127/tools/bin/../lib/gcc/arm-none-eabi/10.3.1/../../../../arm-none-eabi/lib/thumb/v7e-m+fp/hard\libc_nano.a(lib_a-findfp.o)
                0x00000000080096dc                __sf_fake_stdout
                0x00000000080096fc                . = ALIGN (0x4)

.ARM.extab      0x00000000080096fc        0x0
                0x00000000080096fc                . = ALIGN (0x4)
 *(.ARM.extab* .gnu.linkonce.armextab.*)
                0x00000000080096fc                . = ALIGN (0x4)

.ARM            0x00000000080096fc        0x8
                0x00000000080096fc                . = ALIGN (0x4)
                0x00000000080096fc                __exidx_start = .
 *(.ARM.exidx*)
 .ARM.exidx     0x00000000080096fc        0x8 c:/st/stm32cubeide_1.9.0/stm32cubeide/plugins/com.st.stm32cube.ide.mcu.externaltools.gnu-tools-for-stm32.10.3-2021.10.win32_1.0.0.202111181127/tools/bin/../lib/gcc/arm-none-eabi/10.3.1/thumb/v7e-m+fp/hard\libgcc.a(_udivmoddi4.o)
                0x0000000008009704                __exidx_end = .
                0x0000000008009704                . = ALIGN (0x4)

.rel.dyn        0x0000000008009704        0x0
 .rel.iplt      0x0000000008009704        0x0 c:/st/stm32cubeide_1.9.0/stm32cubeide/plugins/com.st.stm32cube.ide.mcu.externaltools.gnu-tools-for-stm32.10.3-2021.10.win32_1.0.0.202111181127/tools/bin/../lib/gcc/arm-none-eabi/10.3.1/thumb/v7e-m+fp/hard/crtbegin.o

.preinit_array  0x0000000008009704        0x0
                0x0000000008009704                . = ALIGN (0x4)
                0x0000000008009704                PROVIDE (__preinit_array_start = .)
 *(.preinit_array*)
                0x0000000008009704                PROVIDE (__preinit_array_end = .)
                0x0000000008009704                . = ALIGN (0x4)

.init_array     0x0000000008009704        0x4
                0x0000000008009704                . = ALIGN (0x4)
                0x0000000008009704                PROVIDE (__init_array_start = .)
 *(SORT_BY_NAME(.init_array.*))
 *(.init_array*)
 .init_array    0x0000000008009704        0x4 c:/st/stm32cubeide_1.9.0/stm32cubeide/plugins/com.st.stm32cube.ide.mcu.externaltools.gnu-tools-for-stm32.10.3-2021.10.win32_1.0.0.202111181127/tools/bin/../lib/gcc/arm-none-eabi/10.3.1/thumb/v7e-m+fp/hard/crtbegin.o
                0x0000000008009708                PROVIDE (__init_array_end = .)
                0x0000000008009708                . = ALIGN (0x4)

.fini_array     0x0000000008009708        0x4
                0x0000000008009708                . = ALIGN (0x4)
                [!provide]                        PROVIDE (__fini_array_start = .)
 *(SORT_BY_NAME(.fini_array.*))
 *(.fini_array*)
 .fini_array    0x0000000008009708        0x4 c:/st/stm32cubeide_1.9.0/stm32cubeide/plugins/com.st.stm32cube.ide.mcu.externaltools.gnu-tools-for-stm32.10.3-2021.10.win32_1.0.0.202111181127/tools/bin/../lib/gcc/arm-none-eabi/10.3.1/thumb/v7e-m+fp/hard/crtbegin.o
                [!provide]                        PROVIDE (__fini_array_end = .)
                0x000000000800970c                . = ALIGN (0x4)
                0x000000000800970c                _sidata = LOADADDR (.data)

.data           0x0000000020000000       0x74 load address 0x000000000800970c
                0x0000000020000000                . = ALIGN (0x4)
                0x0000000020000000                _sdata = .
 *(.data)
 *(.data*)
 .data.SystemCoreClock
                0x0000000020000000        0x4 ./Core/Src/system_stm32f4xx.o
                0x0000000020000000                SystemCoreClock
 .data.uwTickPrio
                0x0000000020000004        0x4 ./Drivers/STM32F4xx_HAL_Driver/Src/stm32f4xx_hal.o
                0x0000000020000004                uwTickPrio
 .data.uwTickFreq
                0x0000000020000008        0x1 ./Drivers/STM32F4xx_HAL_Driver/Src/stm32f4xx_hal.o
                0x0000000020000008                uwTickFreq
 *fill*         0x0000000020000009        0x3 
 .data.uxCriticalNesting
                0x000000002000000c        0x4 ./Middlewares/Third_Party/FreeRTOS/org/Source/portable/GCC/ARM_CM4F/port.o
 .data._impure_ptr
                0x0000000020000010        0x4 c:/st/stm32cubeide_1.9.0/stm32cubeide/plugins/com.st.stm32cube.ide.mcu.externaltools.gnu-tools-for-stm32.10.3-2021.10.win32_1.0.0.202111181127/tools/bin/../lib/gcc/arm-none-eabi/10.3.1/../../../../arm-none-eabi/lib/thumb/v7e-m+fp/hard\libc_nano.a(lib_a-impure.o)
                0x0000000020000010                _impure_ptr
 .data.impure_data
                0x0000000020000014       0x60 c:/st/stm32cubeide_1.9.0/stm32cubeide/plugins/com.st.stm32cube.ide.mcu.externaltools.gnu-tools-for-stm32.10.3-2021.10.win32_1.0.0.202111181127/tools/bin/../lib/gcc/arm-none-eabi/10.3.1/../../../../arm-none-eabi/lib/thumb/v7e-m+fp/hard\libc_nano.a(lib_a-impure.o)
 *(.RamFunc)
 *(.RamFunc*)
                0x0000000020000074                . = ALIGN (0x4)
                0x0000000020000074                _edata = .
                0x0000000008009780                _siccmram = LOADADDR (.ccmram)

.igot.plt       0x0000000020000074        0x0 load address 0x0000000008009780
 .igot.plt      0x0000000020000074        0x0 c:/st/stm32cubeide_1.9.0/stm32cubeide/plugins/com.st.stm32cube.ide.mcu.externaltools.gnu-tools-for-stm32.10.3-2021.10.win32_1.0.0.202111181127/tools/bin/../lib/gcc/arm-none-eabi/10.3.1/thumb/v7e-m+fp/hard/crtbegin.o

.ccmram         0x0000000010000000        0x0 load address 0x0000000008009780
                0x0000000010000000                . = ALIGN (0x4)
                0x0000000010000000                _sccmram = .
 *(.ccmram)
 *(.ccmram*)
                0x0000000010000000                . = ALIGN (0x4)
                0x0000000010000000                _eccmram = .
                0x0000000010000000                . = ALIGN (0x4)

.bss            0x0000000020000074     0x6a98
                0x0000000020000074                _sbss = .
                0x0000000020000074                __bss_start__ = _sbss
 *(.bss)
 .bss           0x0000000020000074       0x1c c:/st/stm32cubeide_1.9.0/stm32cubeide/plugins/com.st.stm32cube.ide.mcu.externaltools.gnu-tools-for-stm32.10.3-2021.10.win32_1.0.0.202111181127/tools/bin/../lib/gcc/arm-none-eabi/10.3.1/thumb/v7e-m+fp/hard/crtbegin.o
 *(.bss*)
 .bss.xIdleTaskTCBBuffer
                0x0000000020000090       0x54 ./Core/Src/freertos.o
 .bss.xIdleStack
                0x00000000200000e4      0x200 ./Core/Src/freertos.o
 .bss.hi2c1     0x00000000200002e4       0x54 ./Core/Src/main.o
                0x00000000200002e4                hi2c1
 .bss.hi2s3     0x0000000020000338       0x48 ./Core/Src/main.o
                0x0000000020000338                hi2s3
 .bss.hspi1     0x0000000020000380       0x58 ./Core/Src/main.o
                0x0000000020000380                hspi1
 .bss.huart2    0x00000000200003d8       0x44 ./Core/Src/main.o
                0x00000000200003d8                huart2
 .bss.myTaskHandle1
                0x000000002000041c        0x4 ./Core/Src/main.o
                0x000000002000041c                myTaskHandle1
 .bss.myTaskHandle2
                0x0000000020000420        0x4 ./Core/Src/main.o
                0x0000000020000420                myTaskHandle2
 .bss.__sbrk_heap_end
                0x0000000020000424        0x4 ./Core/Src/sysmem.o
 .bss.uwTick    0x0000000020000428        0x4 ./Drivers/STM32F4xx_HAL_Driver/Src/stm32f4xx_hal.o
                0x0000000020000428                uwTick
 .bss.pxCurrentTCB
                0x000000002000042c        0x4 ./Middlewares/Third_Party/FreeRTOS/org/Source/tasks.o
                0x000000002000042c                pxCurrentTCB
 .bss.pxReadyTasksLists
                0x0000000020000430       0x8c ./Middlewares/Third_Party/FreeRTOS/org/Source/tasks.o
 .bss.xDelayedTaskList1
                0x00000000200004bc       0x14 ./Middlewares/Third_Party/FreeRTOS/org/Source/tasks.o
 .bss.xDelayedTaskList2
                0x00000000200004d0       0x14 ./Middlewares/Third_Party/FreeRTOS/org/Source/tasks.o
 .bss.pxDelayedTaskList
                0x00000000200004e4        0x4 ./Middlewares/Third_Party/FreeRTOS/org/Source/tasks.o
 .bss.pxOverflowDelayedTaskList
                0x00000000200004e8        0x4 ./Middlewares/Third_Party/FreeRTOS/org/Source/tasks.o
 .bss.xPendingReadyList
                0x00000000200004ec       0x14 ./Middlewares/Third_Party/FreeRTOS/org/Source/tasks.o
 .bss.xTasksWaitingTermination
                0x0000000020000500       0x14 ./Middlewares/Third_Party/FreeRTOS/org/Source/tasks.o
 .bss.uxDeletedTasksWaitingCleanUp
                0x0000000020000514        0x4 ./Middlewares/Third_Party/FreeRTOS/org/Source/tasks.o
 .bss.xSuspendedTaskList
                0x0000000020000518       0x14 ./Middlewares/Third_Party/FreeRTOS/org/Source/tasks.o
 .bss.uxCurrentNumberOfTasks
                0x000000002000052c        0x4 ./Middlewares/Third_Party/FreeRTOS/org/Source/tasks.o
 .bss.xTickCount
                0x0000000020000530        0x4 ./Middlewares/Third_Party/FreeRTOS/org/Source/tasks.o
 .bss.uxTopReadyPriority
                0x0000000020000534        0x4 ./Middlewares/Third_Party/FreeRTOS/org/Source/tasks.o
 .bss.xSchedulerRunning
                0x0000000020000538        0x4 ./Middlewares/Third_Party/FreeRTOS/org/Source/tasks.o
 .bss.xPendedTicks
                0x000000002000053c        0x4 ./Middlewares/Third_Party/FreeRTOS/org/Source/tasks.o
 .bss.xYieldPending
                0x0000000020000540        0x4 ./Middlewares/Third_Party/FreeRTOS/org/Source/tasks.o
 .bss.xNumOfOverflows
                0x0000000020000544        0x4 ./Middlewares/Third_Party/FreeRTOS/org/Source/tasks.o
 .bss.uxTaskNumber
                0x0000000020000548        0x4 ./Middlewares/Third_Party/FreeRTOS/org/Source/tasks.o
 .bss.xNextTaskUnblockTime
                0x000000002000054c        0x4 ./Middlewares/Third_Party/FreeRTOS/org/Source/tasks.o
 .bss.xIdleTaskHandle
                0x0000000020000550        0x4 ./Middlewares/Third_Party/FreeRTOS/org/Source/tasks.o
 .bss.uxSchedulerSuspended
                0x0000000020000554        0x4 ./Middlewares/Third_Party/FreeRTOS/org/Source/tasks.o
 .bss.ucMaxSysCallPriority
                0x0000000020000558        0x1 ./Middlewares/Third_Party/FreeRTOS/org/Source/portable/GCC/ARM_CM4F/port.o
 *fill*         0x0000000020000559        0x3 
 .bss.ulMaxPRIGROUPValue
                0x000000002000055c        0x4 ./Middlewares/Third_Party/FreeRTOS/org/Source/portable/GCC/ARM_CM4F/port.o
 .bss.ucHeap    0x0000000020000560     0x3c00 ./Middlewares/Third_Party/FreeRTOS/org/Source/portable/MemMang/heap_4.o
 .bss.xStart    0x0000000020004160        0x8 ./Middlewares/Third_Party/FreeRTOS/org/Source/portable/MemMang/heap_4.o
 .bss.pxEnd     0x0000000020004168        0x4 ./Middlewares/Third_Party/FreeRTOS/org/Source/portable/MemMang/heap_4.o
 .bss.xFreeBytesRemaining
                0x000000002000416c        0x4 ./Middlewares/Third_Party/FreeRTOS/org/Source/portable/MemMang/heap_4.o
 .bss.xMinimumEverFreeBytesRemaining
                0x0000000020004170        0x4 ./Middlewares/Third_Party/FreeRTOS/org/Source/portable/MemMang/heap_4.o
 .bss.xNumberOfSuccessfulAllocations
                0x0000000020004174        0x4 ./Middlewares/Third_Party/FreeRTOS/org/Source/portable/MemMang/heap_4.o
 .bss.xNumberOfSuccessfulFrees
                0x0000000020004178        0x4 ./Middlewares/Third_Party/FreeRTOS/org/Source/portable/MemMang/heap_4.o
 .bss.xBlockAllocatedBit
                0x000000002000417c        0x4 ./Middlewares/Third_Party/FreeRTOS/org/Source/portable/MemMang/heap_4.o
 .bss._aTasks   0x0000000020004180       0xa0 ./Middlewares/Third_Party/SEGGER/OS/SEGGER_SYSVIEW_FreeRTOS.o
 .bss._NumTasks
                0x0000000020004220        0x4 ./Middlewares/Third_Party/SEGGER/OS/SEGGER_SYSVIEW_FreeRTOS.o
 .bss._SEGGER_RTT
                0x0000000020004224       0xa8 ./Middlewares/Third_Party/SEGGER/SEGGER/SEGGER_RTT.o
                0x0000000020004224                _SEGGER_RTT
 .bss._acUpBuffer
                0x00000000200042cc      0x400 ./Middlewares/Third_Party/SEGGER/SEGGER/SEGGER_RTT.o
 .bss._acDownBuffer
                0x00000000200046cc       0x10 ./Middlewares/Third_Party/SEGGER/SEGGER/SEGGER_RTT.o
 .bss._UpBuffer
                0x00000000200046dc     0x2000 ./Middlewares/Third_Party/SEGGER/SEGGER/SEGGER_SYSVIEW.o
 .bss._DownBuffer
                0x00000000200066dc        0x8 ./Middlewares/Third_Party/SEGGER/SEGGER/SEGGER_SYSVIEW.o
 .bss._SYSVIEW_Globals
                0x00000000200066e4       0x28 ./Middlewares/Third_Party/SEGGER/SEGGER/SEGGER_SYSVIEW.o
 .bss._pFirstModule
                0x000000002000670c        0x4 ./Middlewares/Third_Party/SEGGER/SEGGER/SEGGER_SYSVIEW.o
 .bss._NumModules
                0x0000000020006710        0x1 ./Middlewares/Third_Party/SEGGER/SEGGER/SEGGER_SYSVIEW.o
 *fill*         0x0000000020006711        0x3 
 .bss._aPacket  0x0000000020006714       0xe3 ./Middlewares/Third_Party/SEGGER/SEGGER/SEGGER_SYSVIEW.o
 *fill*         0x00000000200067f7        0x1 
 .bss.hhcd_USB_OTG_FS
                0x00000000200067f8      0x304 ./USB_HOST/Target/usbh_conf.o
                0x00000000200067f8                hhcd_USB_OTG_FS
 .bss.__malloc_free_list
                0x0000000020006afc        0x4 c:/st/stm32cubeide_1.9.0/stm32cubeide/plugins/com.st.stm32cube.ide.mcu.externaltools.gnu-tools-for-stm32.10.3-2021.10.win32_1.0.0.202111181127/tools/bin/../lib/gcc/arm-none-eabi/10.3.1/../../../../arm-none-eabi/lib/thumb/v7e-m+fp/hard\libc_nano.a(lib_a-nano-mallocr.o)
                0x0000000020006afc                __malloc_free_list
 .bss.__malloc_sbrk_start
                0x0000000020006b00        0x4 c:/st/stm32cubeide_1.9.0/stm32cubeide/plugins/com.st.stm32cube.ide.mcu.externaltools.gnu-tools-for-stm32.10.3-2021.10.win32_1.0.0.202111181127/tools/bin/../lib/gcc/arm-none-eabi/10.3.1/../../../../arm-none-eabi/lib/thumb/v7e-m+fp/hard\libc_nano.a(lib_a-nano-mallocr.o)
                0x0000000020006b00                __malloc_sbrk_start
 .bss.__lock___malloc_recursive_mutex
                0x0000000020006b04        0x1 c:/st/stm32cubeide_1.9.0/stm32cubeide/plugins/com.st.stm32cube.ide.mcu.externaltools.gnu-tools-for-stm32.10.3-2021.10.win32_1.0.0.202111181127/tools/bin/../lib/gcc/arm-none-eabi/10.3.1/../../../../arm-none-eabi/lib/thumb/v7e-m+fp/hard\libc_nano.a(lib_a-lock.o)
                0x0000000020006b04                __lock___malloc_recursive_mutex
 .bss.__lock___sfp_recursive_mutex
                0x0000000020006b05        0x1 c:/st/stm32cubeide_1.9.0/stm32cubeide/plugins/com.st.stm32cube.ide.mcu.externaltools.gnu-tools-for-stm32.10.3-2021.10.win32_1.0.0.202111181127/tools/bin/../lib/gcc/arm-none-eabi/10.3.1/../../../../arm-none-eabi/lib/thumb/v7e-m+fp/hard\libc_nano.a(lib_a-lock.o)
                0x0000000020006b05                __lock___sfp_recursive_mutex
 .bss.__lock___sinit_recursive_mutex
                0x0000000020006b06        0x1 c:/st/stm32cubeide_1.9.0/stm32cubeide/plugins/com.st.stm32cube.ide.mcu.externaltools.gnu-tools-for-stm32.10.3-2021.10.win32_1.0.0.202111181127/tools/bin/../lib/gcc/arm-none-eabi/10.3.1/../../../../arm-none-eabi/lib/thumb/v7e-m+fp/hard\libc_nano.a(lib_a-lock.o)
                0x0000000020006b06                __lock___sinit_recursive_mutex
 *fill*         0x0000000020006b07        0x1 
 .bss.errno     0x0000000020006b08        0x4 c:/st/stm32cubeide_1.9.0/stm32cubeide/plugins/com.st.stm32cube.ide.mcu.externaltools.gnu-tools-for-stm32.10.3-2021.10.win32_1.0.0.202111181127/tools/bin/../lib/gcc/arm-none-eabi/10.3.1/../../../../arm-none-eabi/lib/thumb/v7e-m+fp/hard\libc_nano.a(lib_a-reent.o)
                0x0000000020006b08                errno
 *(COMMON)
                0x0000000020006b0c                . = ALIGN (0x4)
                0x0000000020006b0c                _ebss = .
                0x0000000020006b0c                __bss_end__ = _ebss

._user_heap_stack
                0x0000000020006b0c      0x604
                0x0000000020006b10                . = ALIGN (0x8)
 *fill*         0x0000000020006b0c        0x4 
                [!provide]                        PROVIDE (end = .)
                0x0000000020006b10                PROVIDE (_end = .)
                0x0000000020006d10                . = (. + _Min_Heap_Size)
 *fill*         0x0000000020006b10      0x200 
                0x0000000020007110                . = (. + _Min_Stack_Size)
 *fill*         0x0000000020006d10      0x400 
                0x0000000020007110                . = ALIGN (0x8)

/DISCARD/
 libc.a(*)
 libm.a(*)
 libgcc.a(*)

.ARM.attributes
                0x0000000000000000       0x30
 *(.ARM.attributes)
 .ARM.attributes
                0x0000000000000000       0x1e c:/st/stm32cubeide_1.9.0/stm32cubeide/plugins/com.st.stm32cube.ide.mcu.externaltools.gnu-tools-for-stm32.10.3-2021.10.win32_1.0.0.202111181127/tools/bin/../lib/gcc/arm-none-eabi/10.3.1/thumb/v7e-m+fp/hard/crti.o
 .ARM.attributes
                0x000000000000001e       0x34 c:/st/stm32cubeide_1.9.0/stm32cubeide/plugins/com.st.stm32cube.ide.mcu.externaltools.gnu-tools-for-stm32.10.3-2021.10.win32_1.0.0.202111181127/tools/bin/../lib/gcc/arm-none-eabi/10.3.1/thumb/v7e-m+fp/hard/crtbegin.o
 .ARM.attributes
                0x0000000000000052       0x34 ./Core/Src/freertos.o
 .ARM.attributes
                0x0000000000000086       0x34 ./Core/Src/main.o
 .ARM.attributes
                0x00000000000000ba       0x34 ./Core/Src/stm32f4xx_hal_msp.o
 .ARM.attributes
                0x00000000000000ee       0x34 ./Core/Src/stm32f4xx_it.o
 .ARM.attributes
                0x0000000000000122       0x34 ./Core/Src/syscalls.o
 .ARM.attributes
                0x0000000000000156       0x34 ./Core/Src/sysmem.o
 .ARM.attributes
                0x000000000000018a       0x34 ./Core/Src/system_stm32f4xx.o
 .ARM.attributes
                0x00000000000001be       0x21 ./Core/Startup/startup_stm32f407vgtx.o
 .ARM.attributes
                0x00000000000001df       0x34 ./Drivers/STM32F4xx_HAL_Driver/Src/stm32f4xx_hal.o
 .ARM.attributes
                0x0000000000000213       0x34 ./Drivers/STM32F4xx_HAL_Driver/Src/stm32f4xx_hal_cortex.o
 .ARM.attributes
                0x0000000000000247       0x34 ./Drivers/STM32F4xx_HAL_Driver/Src/stm32f4xx_hal_gpio.o
 .ARM.attributes
                0x000000000000027b       0x34 ./Drivers/STM32F4xx_HAL_Driver/Src/stm32f4xx_hal_hcd.o
 .ARM.attributes
                0x00000000000002af       0x34 ./Drivers/STM32F4xx_HAL_Driver/Src/stm32f4xx_hal_i2c.o
 .ARM.attributes
                0x00000000000002e3       0x34 ./Drivers/STM32F4xx_HAL_Driver/Src/stm32f4xx_hal_i2s.o
 .ARM.attributes
                0x0000000000000317       0x34 ./Drivers/STM32F4xx_HAL_Driver/Src/stm32f4xx_hal_i2s_ex.o
 .ARM.attributes
                0x000000000000034b       0x34 ./Drivers/STM32F4xx_HAL_Driver/Src/stm32f4xx_hal_rcc.o
 .ARM.attributes
                0x000000000000037f       0x34 ./Drivers/STM32F4xx_HAL_Driver/Src/stm32f4xx_hal_rcc_ex.o
 .ARM.attributes
                0x00000000000003b3       0x34 ./Drivers/STM32F4xx_HAL_Driver/Src/stm32f4xx_hal_spi.o
 .ARM.attributes
                0x00000000000003e7       0x34 ./Drivers/STM32F4xx_HAL_Driver/Src/stm32f4xx_hal_uart.o
 .ARM.attributes
                0x000000000000041b       0x34 ./Drivers/STM32F4xx_HAL_Driver/Src/stm32f4xx_ll_usb.o
 .ARM.attributes
                0x000000000000044f       0x34 ./Middlewares/ST/STM32_USB_Host_Library/Core/Src/usbh_core.o
 .ARM.attributes
                0x0000000000000483       0x34 ./Middlewares/ST/STM32_USB_Host_Library/Core/Src/usbh_pipes.o
 .ARM.attributes
                0x00000000000004b7       0x34 ./Middlewares/Third_Party/FreeRTOS/org/Source/CMSIS_RTOS/cmsis_os.o
 .ARM.attributes
                0x00000000000004eb       0x34 ./Middlewares/Third_Party/FreeRTOS/org/Source/list.o
 .ARM.attributes
                0x000000000000051f       0x34 ./Middlewares/Third_Party/FreeRTOS/org/Source/queue.o
 .ARM.attributes
                0x0000000000000553       0x34 ./Middlewares/Third_Party/FreeRTOS/org/Source/tasks.o
 .ARM.attributes
                0x0000000000000587       0x34 ./Middlewares/Third_Party/FreeRTOS/org/Source/portable/GCC/ARM_CM4F/port.o
 .ARM.attributes
                0x00000000000005bb       0x34 ./Middlewares/Third_Party/FreeRTOS/org/Source/portable/MemMang/heap_4.o
 .ARM.attributes
                0x00000000000005ef       0x34 ./Middlewares/Third_Party/SEGGER/Config/SEGGER_SYSVIEW_Config_FreeRTOS.o
 .ARM.attributes
                0x0000000000000623       0x34 ./Middlewares/Third_Party/SEGGER/OS/SEGGER_SYSVIEW_FreeRTOS.o
 .ARM.attributes
                0x0000000000000657       0x34 ./Middlewares/Third_Party/SEGGER/SEGGER/SEGGER_RTT.o
 .ARM.attributes
                0x000000000000068b       0x34 ./Middlewares/Third_Party/SEGGER/SEGGER/SEGGER_SYSVIEW.o
 .ARM.attributes
                0x00000000000006bf       0x34 ./USB_HOST/Target/usbh_conf.o
 .ARM.attributes
                0x00000000000006f3       0x34 c:/st/stm32cubeide_1.9.0/stm32cubeide/plugins/com.st.stm32cube.ide.mcu.externaltools.gnu-tools-for-stm32.10.3-2021.10.win32_1.0.0.202111181127/tools/bin/../lib/gcc/arm-none-eabi/10.3.1/../../../../arm-none-eabi/lib/thumb/v7e-m+fp/hard\libc_nano.a(lib_a-errno.o)
 .ARM.attributes
                0x0000000000000727       0x34 c:/st/stm32cubeide_1.9.0/stm32cubeide/plugins/com.st.stm32cube.ide.mcu.externaltools.gnu-tools-for-stm32.10.3-2021.10.win32_1.0.0.202111181127/tools/bin/../lib/gcc/arm-none-eabi/10.3.1/../../../../arm-none-eabi/lib/thumb/v7e-m+fp/hard\libc_nano.a(lib_a-impure.o)
 .ARM.attributes