../Core/Src/syscalls.c:44:6:initialise_monitor_handles	4	static
../Core/Src/syscalls.c:48:5:_getpid	4	static
../Core/Src/syscalls.c:53:5:_kill	16	static
../Core/Src/syscalls.c:59:6:_exit	16	static
../Core/Src/syscalls.c:65:27:_read	32	static
../Core/Src/syscalls.c:78:5:_close	16	static
../Core/Src/syscalls.c:84:5:_fstat	16	static
../Core/Src/syscalls.c:90:5:_isatty	16	static
../Core/Src/syscalls.c:95:5:_lseek	24	static
../Core/Src/syscalls.c:100:5:_open	12	static
../Core/Src/syscalls.c:106:5:_wait	16	static
../Core/Src/syscalls.c:112:5:_unlink	16	static
../Core/Src/syscalls.c:118:5:_times	16	static
../Core/Src/syscalls.c:123:5:_stat	16	static
../Core/Src/syscalls.c:129:5:_link	16	static
../Core/Src/syscalls.c:135:5:_fork	8	static
../Core/Src/syscalls.c:141:5:_execve	24	static
