../Drivers/CMSIS/Include/core_cm4.h:2064:26:ITM_SendChar	16	static,ignoring_inline_asm
../Core/Src/main.c:89:5:_write	32	static
../Core/Src/main.c:105:5:main	16	static
../Core/Src/main.c:197:6:SystemClock_Config	88	static
../Core/Src/main.c:244:13:MX_USART2_UART_Init	8	static
../Core/Src/main.c:277:13:MX_GPIO_Init	40	static
../Core/Src/main.c:299:6:delay_FreeRTOS	24	static
../Core/Src/main.c:308:6:Task1_Handler	16	static
../Core/Src/main.c:326:6:Task2_Handler	24	static
../Core/Src/main.c:354:6:StartDefaultTask	16	static
../Core/Src/main.c:371:6:StartTask02	16	static
../Core/Src/main.c:385:6:Error_Handler	4	static,ignoring_inline_asm
