../Drivers/CMSIS/Include/core_cm4.h:2064:26:ITM_SendChar	16	static,ignoring_inline_asm
../Core/Src/main.c:93:5:write	32	static
../Core/Src/main.c:109:5:main	16	static
../Core/Src/main.c:213:6:SystemClock_Config	88	static
../Core/Src/main.c:259:13:MX_I2C1_Init	8	static
../Core/Src/main.c:293:13:MX_I2S3_Init	8	static
../Core/Src/main.c:327:13:MX_SPI1_Init	8	static
../Core/Src/main.c:365:13:MX_USART2_UART_Init	8	static
../Core/Src/main.c:398:13:MX_GPIO_Init	56	static
../Core/Src/main.c:489:7:delay_FreeRTOS	24	static
../Core/Src/main.c:498:6:readButtonStateTask	16	static
../Core/Src/main.c:513:6:ledFlashTask	24	static
../Core/Src/main.c:578:6:StartDefaultTask	16	static
../Core/Src/main.c:595:6:Error_Handler	4	static,ignoring_inline_asm
