../Drivers/CMSIS/Include/core_cm4.h:2064:26:ITM_SendChar	16	static,ignoring_inline_asm
../Core/Src/main.c:89:5:write	32	static
../Core/Src/main.c:105:5:main	56	static
../Core/Src/main.c:199:6:SystemClock_Config	88	static
../Core/Src/main.c:245:13:MX_I2C1_Init	8	static
../Core/Src/main.c:279:13:MX_I2S3_Init	8	static
../Core/Src/main.c:313:13:MX_SPI1_Init	8	static
../Core/Src/main.c:351:13:MX_USART2_UART_Init	8	static
../Core/Src/main.c:384:13:MX_GPIO_Init	56	static
../Core/Src/main.c:488:6:Task1_Handler	24	static
../Core/Src/main.c:516:6:Task2_Handler	24	static
../Core/Src/main.c:556:6:StartDefaultTask	16	static
../Core/Src/main.c:573:6:Error_Handler	4	static,ignoring_inline_asm
